=== SQLite In-Memory Benchmark ===
Rows: 500000, Hot: 25000 (top 5% by id), Cool: 12s, Serve: 30s

  Inserted 100000/500000 rows...
  Inserted 200000/500000 rows...
[cohort] stamped=36947 mixed_tid=0(0.0%)  ROUTING-PURITY: pure(1-site)=36947(100.0%) n_ra{1=36947 2=0 3=0 4=0 >4=0}  compressed_pages=0 pure=0.0%
[cohort] HOT/COLD-MIX: faulted_pages=0(0.0% of live) hotfrac{<20%=0 20-40=0 40-60=0 60-80=0 >=80=0}
[cohort]   sc=0 (16B): pages=2 pure=100.0% faulted=0(0.0%) faults=0 hotfrac=0.0%
[cohort]   sc=1 (32B): pages=1 pure=100.0% faulted=0(0.0%) faults=0 hotfrac=0.0%
[cohort]   sc=2 (48B): pages=2 pure=100.0% faulted=0(0.0%) faults=0 hotfrac=0.0%
[cohort]   sc=3 (64B): pages=2 pure=100.0% faulted=0(0.0%) faults=0 hotfrac=0.0%
[cohort]   sc=4 (80B): pages=2 pure=100.0% faulted=0(0.0%) faults=0 hotfrac=0.0%
[cohort]   sc=5 (96B): pages=2 pure=100.0% faulted=0(0.0%) faults=0 hotfrac=0.0%
[cohort]   sc=6 (112B): pages=2 pure=100.0% faulted=0(0.0%) faults=0 hotfrac=0.0%
[cohort]   sc=7 (128B): pages=1 pure=100.0% faulted=0(0.0%) faults=0 hotfrac=0.0%
[cohort]   sc=8 (160B): pages=1 pure=100.0% faulted=0(0.0%) faults=0 hotfrac=0.0%
[cohort]   sc=9 (192B): pages=1 pure=100.0% faulted=0(0.0%) faults=0 hotfrac=0.0%
[cohort]   sc=10 (224B): pages=1 pure=100.0% faulted=0(0.0%) faults=0 hotfrac=0.0%
[cohort]   sc=11 (256B): pages=1 pure=100.0% faulted=0(0.0%) faults=0 hotfrac=0.0%
[cohort]   sc=12 (320B): pages=3 pure=100.0% faulted=0(0.0%) faults=0 hotfrac=0.0%
[cohort]   sc=13 (384B): pages=1 pure=100.0% faulted=0(0.0%) faults=0 hotfrac=0.0%
[cohort]   sc=15 (512B): pages=1 pure=100.0% faulted=0(0.0%) faults=0 hotfrac=0.0%
[cohort]   sc=16 (640B): pages=1 pure=100.0% faulted=0(0.0%) faults=0 hotfrac=0.0%
[cohort]   sc=18 (896B): pages=1 pure=100.0% faulted=0(0.0%) faults=0 hotfrac=0.0%
[cohort]   sc=19 (1024B): pages=2 pure=100.0% faulted=0(0.0%) faults=0 hotfrac=0.0%
[cohort]   sc=20 (1280B): pages=1 pure=100.0% faulted=0(0.0%) faults=0 hotfrac=0.0%
[cohort]   sc=24 (2560B): pages=1 pure=100.0% faulted=0(0.0%) faults=0 hotfrac=0.0%
[cohort]   sc=26 (3584B): pages=1 pure=100.0% faulted=0(0.0%) faults=0 hotfrac=0.0%
[cohort]   sc=28 (5120B): pages=36912 pure=100.0% faulted=0(0.0%) faults=0 hotfrac=0.0%
[cohort]   sc=32 (10240B): pages=2 pure=100.0% faulted=0(0.0%) faults=0 hotfrac=0.0%
[cohort]   sc=33 (12288B): pages=1 pure=100.0% faulted=0(0.0%) faults=0 hotfrac=0.0%
[cohort]   sc=34 (14336B): pages=1 pure=100.0% faulted=0(0.0%) faults=0 hotfrac=0.0%
[cohort]   sc=35 (16384B): pages=1 pure=100.0% faulted=0(0.0%) faults=0 hotfrac=0.0%
  Inserted 300000/500000 rows...
  Inserted 400000/500000 rows...
[cohort] stamped=72486 mixed_tid=0(0.0%)  ROUTING-PURITY: pure(1-site)=72486(100.0%) n_ra{1=72486 2=0 3=0 4=0 >4=0}  compressed_pages=0 pure=0.0%
[cohort] HOT/COLD-MIX: faulted_pages=0(0.0% of live) hotfrac{<20%=0 20-40=0 40-60=0 60-80=0 >=80=0}
[cohort]   sc=0 (16B): pages=2 pure=100.0% faulted=0(0.0%) faults=0 hotfrac=0.0%
[cohort]   sc=1 (32B): pages=1 pure=100.0% faulted=0(0.0%) faults=0 hotfrac=0.0%
[cohort]   sc=2 (48B): pages=2 pure=100.0% faulted=0(0.0%) faults=0 hotfrac=0.0%
[cohort]   sc=3 (64B): pages=2 pure=100.0% faulted=0(0.0%) faults=0 hotfrac=0.0%
[cohort]   sc=4 (80B): pages=2 pure=100.0% faulted=0(0.0%) faults=0 hotfrac=0.0%
[cohort]   sc=5 (96B): pages=2 pure=100.0% faulted=0(0.0%) faults=0 hotfrac=0.0%
[cohort]   sc=6 (112B): pages=2 pure=100.0% faulted=0(0.0%) faults=0 hotfrac=0.0%
[cohort]   sc=7 (128B): pages=1 pure=100.0% faulted=0(0.0%) faults=0 hotfrac=0.0%
[cohort]   sc=8 (160B): pages=1 pure=100.0% faulted=0(0.0%) faults=0 hotfrac=0.0%
[cohort]   sc=9 (192B): pages=1 pure=100.0% faulted=0(0.0%) faults=0 hotfrac=0.0%
[cohort]   sc=10 (224B): pages=1 pure=100.0% faulted=0(0.0%) faults=0 hotfrac=0.0%
[cohort]   sc=11 (256B): pages=1 pure=100.0% faulted=0(0.0%) faults=0 hotfrac=0.0%
[cohort]   sc=12 (320B): pages=3 pure=100.0% faulted=0(0.0%) faults=0 hotfrac=0.0%
[cohort]   sc=13 (384B): pages=1 pure=100.0% faulted=0(0.0%) faults=0 hotfrac=0.0%
[cohort]   sc=15 (512B): pages=2 pure=100.0% faulted=0(0.0%) faults=0 hotfrac=0.0%
[cohort]   sc=16 (640B): pages=1 pure=100.0% faulted=0(0.0%) faults=0 hotfrac=0.0%
[cohort]   sc=18 (896B): pages=1 pure=100.0% faulted=0(0.0%) faults=0 hotfrac=0.0%
[cohort]   sc=19 (1024B): pages=3 pure=100.0% faulted=0(0.0%) faults=0 hotfrac=0.0%
[cohort]   sc=20 (1280B): pages=1 pure=100.0% faulted=0(0.0%) faults=0 hotfrac=0.0%
[cohort]   sc=24 (2560B): pages=1 pure=100.0% faulted=0(0.0%) faults=0 hotfrac=0.0%
[cohort]   sc=26 (3584B): pages=1 pure=100.0% faulted=0(0.0%) faults=0 hotfrac=0.0%
[cohort]   sc=28 (5120B): pages=72192 pure=100.0% faulted=0(0.0%) faults=0 hotfrac=0.0%
[cohort]   sc=32 (10240B): pages=2 pure=100.0% faulted=0(0.0%) faults=0 hotfrac=0.0%
[cohort]   sc=33 (12288B): pages=1 pure=100.0% faulted=0(0.0%) faults=0 hotfrac=0.0%
[cohort]   sc=34 (14336B): pages=1 pure=100.0% faulted=0(0.0%) faults=0 hotfrac=0.0%
[cohort]   sc=35 (16384B): pages=1 pure=100.0% faulted=0(0.0%) faults=0 hotfrac=0.0%
[cohort]   sc=36 (large): pages=257 pure=100.0% faulted=0(0.0%) faults=0 hotfrac=0.0%
  Inserted 500000/500000 rows...
Filled 500000 rows in 2.41s
Peak RSS after fill: 620.7 MB

Cooling phase: 12 seconds (no access, waiting for compression)...
[cohort] stamped=83843 mixed_tid=0(0.0%)  ROUTING-PURITY: pure(1-site)=83843(100.0%) n_ra{1=83843 2=0 3=0 4=0 >4=0}  compressed_pages=0 pure=0.0%
[cohort] HOT/COLD-MIX: faulted_pages=0(0.0% of live) hotfrac{<20%=0 20-40=0 40-60=0 60-80=0 >=80=0}
[cohort]   sc=0 (16B): pages=3 pure=100.0% faulted=0(0.0%) faults=0 hotfrac=0.0%
[cohort]   sc=1 (32B): pages=1 pure=100.0% faulted=0(0.0%) faults=0 hotfrac=0.0%
[cohort]   sc=2 (48B): pages=2 pure=100.0% faulted=0(0.0%) faults=0 hotfrac=0.0%
[cohort]   sc=3 (64B): pages=2 pure=100.0% faulted=0(0.0%) faults=0 hotfrac=0.0%
[cohort]   sc=4 (80B): pages=2 pure=100.0% faulted=0(0.0%) faults=0 hotfrac=0.0%
[cohort]   sc=5 (96B): pages=2 pure=100.0% faulted=0(0.0%) faults=0 hotfrac=0.0%
[cohort]   sc=6 (112B): pages=2 pure=100.0% faulted=0(0.0%) faults=0 hotfrac=0.0%
[cohort]   sc=7 (128B): pages=1 pure=100.0% faulted=0(0.0%) faults=0 hotfrac=0.0%
[cohort]   sc=8 (160B): pages=1 pure=100.0% faulted=0(0.0%) faults=0 hotfrac=0.0%
[cohort]   sc=9 (192B): pages=1 pure=100.0% faulted=0(0.0%) faults=0 hotfrac=0.0%
[cohort]   sc=10 (224B): pages=1 pure=100.0% faulted=0(0.0%) faults=0 hotfrac=0.0%
[cohort]   sc=11 (256B): pages=1 pure=100.0% faulted=0(0.0%) faults=0 hotfrac=0.0%
[cohort]   sc=12 (320B): pages=3 pure=100.0% faulted=0(0.0%) faults=0 hotfrac=0.0%
[cohort]   sc=13 (384B): pages=1 pure=100.0% faulted=0(0.0%) faults=0 hotfrac=0.0%
[cohort]   sc=15 (512B): pages=2 pure=100.0% faulted=0(0.0%) faults=0 hotfrac=0.0%
[cohort]   sc=16 (640B): pages=1 pure=100.0% faulted=0(0.0%) faults=0 hotfrac=0.0%
[cohort]   sc=18 (896B): pages=1 pure=100.0% faulted=0(0.0%) faults=0 hotfrac=0.0%
[cohort]   sc=19 (1024B): pages=3 pure=100.0% faulted=0(0.0%) faults=0 hotfrac=0.0%
[cohort]   sc=20 (1280B): pages=1 pure=100.0% faulted=0(0.0%) faults=0 hotfrac=0.0%
[cohort]   sc=24 (2560B): pages=1 pure=100.0% faulted=0(0.0%) faults=0 hotfrac=0.0%
[cohort]   sc=26 (3584B): pages=1 pure=100.0% faulted=0(0.0%) faults=0 hotfrac=0.0%
[cohort]   sc=27 (4096B): pages=1 pure=100.0% faulted=0(0.0%) faults=0 hotfrac=0.0%
[cohort]   sc=28 (5120B): pages=83547 pure=100.0% faulted=0(0.0%) faults=0 hotfrac=0.0%
[cohort]   sc=32 (10240B): pages=2 pure=100.0% faulted=0(0.0%) faults=0 hotfrac=0.0%
[cohort]   sc=33 (12288B): pages=1 pure=100.0% faulted=0(0.0%) faults=0 hotfrac=0.0%
[cohort]   sc=34 (14336B): pages=1 pure=100.0% faulted=0(0.0%) faults=0 hotfrac=0.0%
[cohort]   sc=35 (16384B): pages=1 pure=100.0% faulted=0(0.0%) faults=0 hotfrac=0.0%
[cohort]   sc=36 (large): pages=257 pure=100.0% faulted=0(0.0%) faults=0 hotfrac=0.0%
  t= 1s: RSS=621.0 MB
[cohort] stamped=83843 mixed_tid=0(0.0%)  ROUTING-PURITY: pure(1-site)=83843(100.0%) n_ra{1=83843 2=0 3=0 4=0 >4=0}  compressed_pages=0 pure=0.0%
[cohort] HOT/COLD-MIX: faulted_pages=0(0.0% of live) hotfrac{<20%=0 20-40=0 40-60=0 60-80=0 >=80=0}
[cohort]   sc=0 (16B): pages=3 pure=100.0% faulted=0(0.0%) faults=0 hotfrac=0.0%
[cohort]   sc=1 (32B): pages=1 pure=100.0% faulted=0(0.0%) faults=0 hotfrac=0.0%
[cohort]   sc=2 (48B): pages=2 pure=100.0% faulted=0(0.0%) faults=0 hotfrac=0.0%
[cohort]   sc=3 (64B): pages=2 pure=100.0% faulted=0(0.0%) faults=0 hotfrac=0.0%
[cohort]   sc=4 (80B): pages=2 pure=100.0% faulted=0(0.0%) faults=0 hotfrac=0.0%
[cohort]   sc=5 (96B): pages=2 pure=100.0% faulted=0(0.0%) faults=0 hotfrac=0.0%
[cohort]   sc=6 (112B): pages=2 pure=100.0% faulted=0(0.0%) faults=0 hotfrac=0.0%
[cohort]   sc=7 (128B): pages=1 pure=100.0% faulted=0(0.0%) faults=0 hotfrac=0.0%
[cohort]   sc=8 (160B): pages=1 pure=100.0% faulted=0(0.0%) faults=0 hotfrac=0.0%
[cohort]   sc=9 (192B): pages=1 pure=100.0% faulted=0(0.0%) faults=0 hotfrac=0.0%
[cohort]   sc=10 (224B): pages=1 pure=100.0% faulted=0(0.0%) faults=0 hotfrac=0.0%
[cohort]   sc=11 (256B): pages=1 pure=100.0% faulted=0(0.0%) faults=0 hotfrac=0.0%
[cohort]   sc=12 (320B): pages=3 pure=100.0% faulted=0(0.0%) faults=0 hotfrac=0.0%
[cohort]   sc=13 (384B): pages=1 pure=100.0% faulted=0(0.0%) faults=0 hotfrac=0.0%
[cohort]   sc=15 (512B): pages=2 pure=100.0% faulted=0(0.0%) faults=0 hotfrac=0.0%
[cohort]   sc=16 (640B): pages=1 pure=100.0% faulted=0(0.0%) faults=0 hotfrac=0.0%
[cohort]   sc=18 (896B): pages=1 pure=100.0% faulted=0(0.0%) faults=0 hotfrac=0.0%
[cohort]   sc=19 (1024B): pages=3 pure=100.0% faulted=0(0.0%) faults=0 hotfrac=0.0%
[cohort]   sc=20 (1280B): pages=1 pure=100.0% faulted=0(0.0%) faults=0 hotfrac=0.0%
[cohort]   sc=24 (2560B): pages=1 pure=100.0% faulted=0(0.0%) faults=0 hotfrac=0.0%
[cohort]   sc=26 (3584B): pages=1 pure=100.0% faulted=0(0.0%) faults=0 hotfrac=0.0%
[cohort]   sc=27 (4096B): pages=1 pure=100.0% faulted=0(0.0%) faults=0 hotfrac=0.0%
[cohort]   sc=28 (5120B): pages=83547 pure=100.0% faulted=0(0.0%) faults=0 hotfrac=0.0%
[cohort]   sc=32 (10240B): pages=2 pure=100.0% faulted=0(0.0%) faults=0 hotfrac=0.0%
[cohort]   sc=33 (12288B): pages=1 pure=100.0% faulted=0(0.0%) faults=0 hotfrac=0.0%
[cohort]   sc=34 (14336B): pages=1 pure=100.0% faulted=0(0.0%) faults=0 hotfrac=0.0%
[cohort]   sc=35 (16384B): pages=1 pure=100.0% faulted=0(0.0%) faults=0 hotfrac=0.0%
[cohort]   sc=36 (large): pages=257 pure=100.0% faulted=0(0.0%) faults=0 hotfrac=0.0%
  t= 2s: RSS=621.0 MB
[cohort] stamped=83843 mixed_tid=0(0.0%)  ROUTING-PURITY: pure(1-site)=83843(100.0%) n_ra{1=83843 2=0 3=0 4=0 >4=0}  compressed_pages=0 pure=0.0%
[cohort] HOT/COLD-MIX: faulted_pages=0(0.0% of live) hotfrac{<20%=0 20-40=0 40-60=0 60-80=0 >=80=0}
[cohort]   sc=0 (16B): pages=3 pure=100.0% faulted=0(0.0%) faults=0 hotfrac=0.0%
[cohort]   sc=1 (32B): pages=1 pure=100.0% faulted=0(0.0%) faults=0 hotfrac=0.0%
[cohort]   sc=2 (48B): pages=2 pure=100.0% faulted=0(0.0%) faults=0 hotfrac=0.0%
[cohort]   sc=3 (64B): pages=2 pure=100.0% faulted=0(0.0%) faults=0 hotfrac=0.0%
[cohort]   sc=4 (80B): pages=2 pure=100.0% faulted=0(0.0%) faults=0 hotfrac=0.0%
[cohort]   sc=5 (96B): pages=2 pure=100.0% faulted=0(0.0%) faults=0 hotfrac=0.0%
[cohort]   sc=6 (112B): pages=2 pure=100.0% faulted=0(0.0%) faults=0 hotfrac=0.0%
[cohort]   sc=7 (128B): pages=1 pure=100.0% faulted=0(0.0%) faults=0 hotfrac=0.0%
[cohort]   sc=8 (160B): pages=1 pure=100.0% faulted=0(0.0%) faults=0 hotfrac=0.0%
[cohort]   sc=9 (192B): pages=1 pure=100.0% faulted=0(0.0%) faults=0 hotfrac=0.0%
[cohort]   sc=10 (224B): pages=1 pure=100.0% faulted=0(0.0%) faults=0 hotfrac=0.0%
[cohort]   sc=11 (256B): pages=1 pure=100.0% faulted=0(0.0%) faults=0 hotfrac=0.0%
[cohort]   sc=12 (320B): pages=3 pure=100.0% faulted=0(0.0%) faults=0 hotfrac=0.0%
[cohort]   sc=13 (384B): pages=1 pure=100.0% faulted=0(0.0%) faults=0 hotfrac=0.0%
[cohort]   sc=15 (512B): pages=2 pure=100.0% faulted=0(0.0%) faults=0 hotfrac=0.0%
[cohort]   sc=16 (640B): pages=1 pure=100.0% faulted=0(0.0%) faults=0 hotfrac=0.0%
[cohort]   sc=18 (896B): pages=1 pure=100.0% faulted=0(0.0%) faults=0 hotfrac=0.0%
[cohort]   sc=19 (1024B): pages=3 pure=100.0% faulted=0(0.0%) faults=0 hotfrac=0.0%
[cohort]   sc=20 (1280B): pages=1 pure=100.0% faulted=0(0.0%) faults=0 hotfrac=0.0%
[cohort]   sc=24 (2560B): pages=1 pure=100.0% faulted=0(0.0%) faults=0 hotfrac=0.0%
[cohort]   sc=26 (3584B): pages=1 pure=100.0% faulted=0(0.0%) faults=0 hotfrac=0.0%
[cohort]   sc=27 (4096B): pages=1 pure=100.0% faulted=0(0.0%) faults=0 hotfrac=0.0%
[cohort]   sc=28 (5120B): pages=83547 pure=100.0% faulted=0(0.0%) faults=0 hotfrac=0.0%
[cohort]   sc=32 (10240B): pages=2 pure=100.0% faulted=0(0.0%) faults=0 hotfrac=0.0%
[cohort]   sc=33 (12288B): pages=1 pure=100.0% faulted=0(0.0%) faults=0 hotfrac=0.0%
[cohort]   sc=34 (14336B): pages=1 pure=100.0% faulted=0(0.0%) faults=0 hotfrac=0.0%
[cohort]   sc=35 (16384B): pages=1 pure=100.0% faulted=0(0.0%) faults=0 hotfrac=0.0%
[cohort]   sc=36 (large): pages=257 pure=100.0% faulted=0(0.0%) faults=0 hotfrac=0.0%
  t= 3s: RSS=621.0 MB
[cohort] stamped=83843 mixed_tid=0(0.0%)  ROUTING-PURITY: pure(1-site)=83843(100.0%) n_ra{1=83843 2=0 3=0 4=0 >4=0}  compressed_pages=0 pure=0.0%
[cohort] HOT/COLD-MIX: faulted_pages=0(0.0% of live) hotfrac{<20%=0 20-40=0 40-60=0 60-80=0 >=80=0}
[cohort]   sc=0 (16B): pages=3 pure=100.0% faulted=0(0.0%) faults=0 hotfrac=0.0%
[cohort]   sc=1 (32B): pages=1 pure=100.0% faulted=0(0.0%) faults=0 hotfrac=0.0%
[cohort]   sc=2 (48B): pages=2 pure=100.0% faulted=0(0.0%) faults=0 hotfrac=0.0%
[cohort]   sc=3 (64B): pages=2 pure=100.0% faulted=0(0.0%) faults=0 hotfrac=0.0%
[cohort]   sc=4 (80B): pages=2 pure=100.0% faulted=0(0.0%) faults=0 hotfrac=0.0%
[cohort]   sc=5 (96B): pages=2 pure=100.0% faulted=0(0.0%) faults=0 hotfrac=0.0%
[cohort]   sc=6 (112B): pages=2 pure=100.0% faulted=0(0.0%) faults=0 hotfrac=0.0%
[cohort]   sc=7 (128B): pages=1 pure=100.0% faulted=0(0.0%) faults=0 hotfrac=0.0%
[cohort]   sc=8 (160B): pages=1 pure=100.0% faulted=0(0.0%) faults=0 hotfrac=0.0%
[cohort]   sc=9 (192B): pages=1 pure=100.0% faulted=0(0.0%) faults=0 hotfrac=0.0%
[cohort]   sc=10 (224B): pages=1 pure=100.0% faulted=0(0.0%) faults=0 hotfrac=0.0%
[cohort]   sc=11 (256B): pages=1 pure=100.0% faulted=0(0.0%) faults=0 hotfrac=0.0%
[cohort]   sc=12 (320B): pages=3 pure=100.0% faulted=0(0.0%) faults=0 hotfrac=0.0%
[cohort]   sc=13 (384B): pages=1 pure=100.0% faulted=0(0.0%) faults=0 hotfrac=0.0%
[cohort]   sc=15 (512B): pages=2 pure=100.0% faulted=0(0.0%) faults=0 hotfrac=0.0%
[cohort]   sc=16 (640B): pages=1 pure=100.0% faulted=0(0.0%) faults=0 hotfrac=0.0%
[cohort]   sc=18 (896B): pages=1 pure=100.0% faulted=0(0.0%) faults=0 hotfrac=0.0%
[cohort]   sc=19 (1024B): pages=3 pure=100.0% faulted=0(0.0%) faults=0 hotfrac=0.0%
[cohort]   sc=20 (1280B): pages=1 pure=100.0% faulted=0(0.0%) faults=0 hotfrac=0.0%
[cohort]   sc=24 (2560B): pages=1 pure=100.0% faulted=0(0.0%) faults=0 hotfrac=0.0%
[cohort]   sc=26 (3584B): pages=1 pure=100.0% faulted=0(0.0%) faults=0 hotfrac=0.0%
[cohort]   sc=27 (4096B): pages=1 pure=100.0% faulted=0(0.0%) faults=0 hotfrac=0.0%
[cohort]   sc=28 (5120B): pages=83547 pure=100.0% faulted=0(0.0%) faults=0 hotfrac=0.0%
[cohort]   sc=32 (10240B): pages=2 pure=100.0% faulted=0(0.0%) faults=0 hotfrac=0.0%
[cohort]   sc=33 (12288B): pages=1 pure=100.0% faulted=0(0.0%) faults=0 hotfrac=0.0%
[cohort]   sc=34 (14336B): pages=1 pure=100.0% faulted=0(0.0%) faults=0 hotfrac=0.0%
[cohort]   sc=35 (16384B): pages=1 pure=100.0% faulted=0(0.0%) faults=0 hotfrac=0.0%
[cohort]   sc=36 (large): pages=257 pure=100.0% faulted=0(0.0%) faults=0 hotfrac=0.0%
  t= 4s: RSS=634.6 MB
  t= 5s: RSS=647.6 MB
[cohort] stamped=83843 mixed_tid=0(0.0%)  ROUTING-PURITY: pure(1-site)=83843(100.0%) n_ra{1=83843 2=0 3=0 4=0 >4=0}  compressed_pages=0 pure=0.0%
[cohort] HOT/COLD-MIX: faulted_pages=0(0.0% of live) hotfrac{<20%=0 20-40=0 40-60=0 60-80=0 >=80=0}
[cohort]   sc=0 (16B): pages=3 pure=100.0% faulted=0(0.0%) faults=0 hotfrac=0.0%
[cohort]   sc=1 (32B): pages=1 pure=100.0% faulted=0(0.0%) faults=0 hotfrac=0.0%
[cohort]   sc=2 (48B): pages=2 pure=100.0% faulted=0(0.0%) faults=0 hotfrac=0.0%
[cohort]   sc=3 (64B): pages=2 pure=100.0% faulted=0(0.0%) faults=0 hotfrac=0.0%
[cohort]   sc=4 (80B): pages=2 pure=100.0% faulted=0(0.0%) faults=0 hotfrac=0.0%
[cohort]   sc=5 (96B): pages=2 pure=100.0% faulted=0(0.0%) faults=0 hotfrac=0.0%
[cohort]   sc=6 (112B): pages=2 pure=100.0% faulted=0(0.0%) faults=0 hotfrac=0.0%
[cohort]   sc=7 (128B): pages=1 pure=100.0% faulted=0(0.0%) faults=0 hotfrac=0.0%
[cohort]   sc=8 (160B): pages=1 pure=100.0% faulted=0(0.0%) faults=0 hotfrac=0.0%
[cohort]   sc=9 (192B): pages=1 pure=100.0% faulted=0(0.0%) faults=0 hotfrac=0.0%
[cohort]   sc=10 (224B): pages=1 pure=100.0% faulted=0(0.0%) faults=0 hotfrac=0.0%
[cohort]   sc=11 (256B): pages=1 pure=100.0% faulted=0(0.0%) faults=0 hotfrac=0.0%
[cohort]   sc=12 (320B): pages=3 pure=100.0% faulted=0(0.0%) faults=0 hotfrac=0.0%
[cohort]   sc=13 (384B): pages=1 pure=100.0% faulted=0(0.0%) faults=0 hotfrac=0.0%
[cohort]   sc=15 (512B): pages=2 pure=100.0% faulted=0(0.0%) faults=0 hotfrac=0.0%
[cohort]   sc=16 (640B): pages=1 pure=100.0% faulted=0(0.0%) faults=0 hotfrac=0.0%
[cohort]   sc=18 (896B): pages=1 pure=100.0% faulted=0(0.0%) faults=0 hotfrac=0.0%
[cohort]   sc=19 (1024B): pages=3 pure=100.0% faulted=0(0.0%) faults=0 hotfrac=0.0%
[cohort]   sc=20 (1280B): pages=1 pure=100.0% faulted=0(0.0%) faults=0 hotfrac=0.0%
[cohort]   sc=24 (2560B): pages=1 pure=100.0% faulted=0(0.0%) faults=0 hotfrac=0.0%
[cohort]   sc=26 (3584B): pages=1 pure=100.0% faulted=0(0.0%) faults=0 hotfrac=0.0%
[cohort]   sc=27 (4096B): pages=1 pure=100.0% faulted=0(0.0%) faults=0 hotfrac=0.0%
[cohort]   sc=28 (5120B): pages=83547 pure=100.0% faulted=0(0.0%) faults=0 hotfrac=0.0%
[cohort]   sc=32 (10240B): pages=2 pure=100.0% faulted=0(0.0%) faults=0 hotfrac=0.0%
[cohort]   sc=33 (12288B): pages=1 pure=100.0% faulted=0(0.0%) faults=0 hotfrac=0.0%
[cohort]   sc=34 (14336B): pages=1 pure=100.0% faulted=0(0.0%) faults=0 hotfrac=0.0%
[cohort]   sc=35 (16384B): pages=1 pure=100.0% faulted=0(0.0%) faults=0 hotfrac=0.0%
[cohort]   sc=36 (large): pages=257 pure=100.0% faulted=0(0.0%) faults=0 hotfrac=0.0%
  t= 6s: RSS=647.8 MB
  t= 7s: RSS=651.1 MB
[cohort] stamped=83843 mixed_tid=0(0.0%)  ROUTING-PURITY: pure(1-site)=83843(100.0%) n_ra{1=83843 2=0 3=0 4=0 >4=0}  compressed_pages=12338 pure=100.0%
[cohort] HOT/COLD-MIX: faulted_pages=0(0.0% of live) hotfrac{<20%=0 20-40=0 40-60=0 60-80=0 >=80=0}
[cohort]   sc=0 (16B): pages=3 pure=100.0% faulted=0(0.0%) faults=0 hotfrac=0.0%
[cohort]   sc=1 (32B): pages=1 pure=100.0% faulted=0(0.0%) faults=0 hotfrac=0.0%
[cohort]   sc=2 (48B): pages=2 pure=100.0% faulted=0(0.0%) faults=0 hotfrac=0.0%
[cohort]   sc=3 (64B): pages=2 pure=100.0% faulted=0(0.0%) faults=0 hotfrac=0.0%
[cohort]   sc=4 (80B): pages=2 pure=100.0% faulted=0(0.0%) faults=0 hotfrac=0.0%
[cohort]   sc=5 (96B): pages=2 pure=100.0% faulted=0(0.0%) faults=0 hotfrac=0.0%
[cohort]   sc=6 (112B): pages=2 pure=100.0% faulted=0(0.0%) faults=0 hotfrac=0.0%
[cohort]   sc=7 (128B): pages=1 pure=100.0% faulted=0(0.0%) faults=0 hotfrac=0.0%
[cohort]   sc=8 (160B): pages=1 pure=100.0% faulted=0(0.0%) faults=0 hotfrac=0.0%
[cohort]   sc=9 (192B): pages=1 pure=100.0% faulted=0(0.0%) faults=0 hotfrac=0.0%
[cohort]   sc=10 (224B): pages=1 pure=100.0% faulted=0(0.0%) faults=0 hotfrac=0.0%
[cohort]   sc=11 (256B): pages=1 pure=100.0% faulted=0(0.0%) faults=0 hotfrac=0.0%
[cohort]   sc=12 (320B): pages=3 pure=100.0% faulted=0(0.0%) faults=0 hotfrac=0.0%
[cohort]   sc=13 (384B): pages=1 pure=100.0% faulted=0(0.0%) faults=0 hotfrac=0.0%
[cohort]   sc=15 (512B): pages=2 pure=100.0% faulted=0(0.0%) faults=0 hotfrac=0.0%
[cohort]   sc=16 (640B): pages=1 pure=100.0% faulted=0(0.0%) faults=0 hotfrac=0.0%
[cohort]   sc=18 (896B): pages=1 pure=100.0% faulted=0(0.0%) faults=0 hotfrac=0.0%
[cohort]   sc=19 (1024B): pages=3 pure=100.0% faulted=0(0.0%) faults=0 hotfrac=0.0%
[cohort]   sc=20 (1280B): pages=1 pure=100.0% faulted=0(0.0%) faults=0 hotfrac=0.0%
[cohort]   sc=24 (2560B): pages=1 pure=100.0% faulted=0(0.0%) faults=0 hotfrac=0.0%
[cohort]   sc=26 (3584B): pages=1 pure=100.0% faulted=0(0.0%) faults=0 hotfrac=0.0%
[cohort]   sc=27 (4096B): pages=1 pure=100.0% faulted=0(0.0%) faults=0 hotfrac=0.0%
[cohort]   sc=28 (5120B): pages=83547 pure=100.0% faulted=0(0.0%) faults=0 hotfrac=0.0%
[cohort]   sc=32 (10240B): pages=2 pure=100.0% faulted=0(0.0%) faults=0 hotfrac=0.0%
[cohort]   sc=33 (12288B): pages=1 pure=100.0% faulted=0(0.0%) faults=0 hotfrac=0.0%
[cohort]   sc=34 (14336B): pages=1 pure=100.0% faulted=0(0.0%) faults=0 hotfrac=0.0%
[cohort]   sc=35 (16384B): pages=1 pure=100.0% faulted=0(0.0%) faults=0 hotfrac=0.0%
[cohort]   sc=36 (large): pages=257 pure=100.0% faulted=0(0.0%) faults=0 hotfrac=0.0%
  t= 8s: RSS=674.6 MB
  t= 9s: RSS=638.5 MB
[cohort] stamped=83843 mixed_tid=0(0.0%)  ROUTING-PURITY: pure(1-site)=83843(100.0%) n_ra{1=83843 2=0 3=0 4=0 >4=0}  compressed_pages=24327 pure=100.0%
[cohort] HOT/COLD-MIX: faulted_pages=1(0.0% of live) hotfrac{<20%=1 20-40=0 40-60=0 60-80=0 >=80=0}
[cohort]   sc=0 (16B): pages=3 pure=100.0% faulted=0(0.0%) faults=0 hotfrac=0.0%
[cohort]   sc=1 (32B): pages=1 pure=100.0% faulted=0(0.0%) faults=0 hotfrac=0.0%
[cohort]   sc=2 (48B): pages=2 pure=100.0% faulted=0(0.0%) faults=0 hotfrac=0.0%
[cohort]   sc=3 (64B): pages=2 pure=100.0% faulted=0(0.0%) faults=0 hotfrac=0.0%
[cohort]   sc=4 (80B): pages=2 pure=100.0% faulted=0(0.0%) faults=0 hotfrac=0.0%
[cohort]   sc=5 (96B): pages=2 pure=100.0% faulted=0(0.0%) faults=0 hotfrac=0.0%
[cohort]   sc=6 (112B): pages=2 pure=100.0% faulted=0(0.0%) faults=0 hotfrac=0.0%
[cohort]   sc=7 (128B): pages=1 pure=100.0% faulted=0(0.0%) faults=0 hotfrac=0.0%
[cohort]   sc=8 (160B): pages=1 pure=100.0% faulted=0(0.0%) faults=0 hotfrac=0.0%
[cohort]   sc=9 (192B): pages=1 pure=100.0% faulted=0(0.0%) faults=0 hotfrac=0.0%
[cohort]   sc=10 (224B): pages=1 pure=100.0% faulted=0(0.0%) faults=0 hotfrac=0.0%
[cohort]   sc=11 (256B): pages=1 pure=100.0% faulted=0(0.0%) faults=0 hotfrac=0.0%
[cohort]   sc=12 (320B): pages=3 pure=100.0% faulted=0(0.0%) faults=0 hotfrac=0.0%
[cohort]   sc=13 (384B): pages=1 pure=100.0% faulted=0(0.0%) faults=0 hotfrac=0.0%
[cohort]   sc=15 (512B): pages=2 pure=100.0% faulted=1(50.0%) faults=1 hotfrac=6.2%
[cohort]   sc=16 (640B): pages=1 pure=100.0% faulted=0(0.0%) faults=0 hotfrac=0.0%
[cohort]   sc=18 (896B): pages=1 pure=100.0% faulted=0(0.0%) faults=0 hotfrac=0.0%
[cohort]   sc=19 (1024B): pages=3 pure=100.0% faulted=0(0.0%) faults=0 hotfrac=0.0%
[cohort]   sc=20 (1280B): pages=1 pure=100.0% faulted=0(0.0%) faults=0 hotfrac=0.0%
[cohort]   sc=24 (2560B): pages=1 pure=100.0% faulted=0(0.0%) faults=0 hotfrac=0.0%
[cohort]   sc=26 (3584B): pages=1 pure=100.0% faulted=0(0.0%) faults=0 hotfrac=0.0%
[cohort]   sc=27 (4096B): pages=1 pure=100.0% faulted=0(0.0%) faults=0 hotfrac=0.0%
[cohort]   sc=28 (5120B): pages=83547 pure=100.0% faulted=0(0.0%) faults=0 hotfrac=0.0%
[cohort]   sc=32 (10240B): pages=2 pure=100.0% faulted=0(0.0%) faults=0 hotfrac=0.0%
[cohort]   sc=33 (12288B): pages=1 pure=100.0% faulted=0(0.0%) faults=0 hotfrac=0.0%
[cohort]   sc=34 (14336B): pages=1 pure=100.0% faulted=0(0.0%) faults=0 hotfrac=0.0%
[cohort]   sc=35 (16384B): pages=1 pure=100.0% faulted=0(0.0%) faults=0 hotfrac=0.0%
[cohort]   sc=36 (large): pages=257 pure=100.0% faulted=0(0.0%) faults=0 hotfrac=0.0%
  t=10s: RSS=627.8 MB
  t=11s: RSS=588.1 MB
  t=12s: RSS=516.8 MB
Post-cooling RSS: 516.8 MB (16.7% reduction from peak)

Serve phase: 30 seconds (hot-only, ids 475000..499999)...
  t= 1s: RSS=448.5 MB  ops=62626
  t= 2s: RSS=354.7 MB  ops=62743
[cohort] stamped=83846 mixed_tid=0(0.0%)  ROUTING-PURITY: pure(1-site)=83846(100.0%) n_ra{1=83846 2=0 3=0 4=0 >4=0}  compressed_pages=79631 pure=100.0%
[cohort] HOT/COLD-MIX: faulted_pages=745(0.9% of live) hotfrac{<20%=745 20-40=0 40-60=0 60-80=0 >=80=0}
[cohort]   sc=0 (16B): pages=3 pure=100.0% faulted=1(33.3%) faults=1 hotfrac=6.2%
[cohort]   sc=1 (32B): pages=1 pure=100.0% faulted=1(100.0%) faults=1 hotfrac=6.2%
[cohort]   sc=2 (48B): pages=2 pure=100.0% faulted=1(50.0%) faults=1 hotfrac=6.2%
[cohort]   sc=3 (64B): pages=2 pure=100.0% faulted=0(0.0%) faults=0 hotfrac=0.0%
[cohort]   sc=4 (80B): pages=2 pure=100.0% faulted=1(50.0%) faults=1 hotfrac=6.2%
[cohort]   sc=5 (96B): pages=2 pure=100.0% faulted=0(0.0%) faults=0 hotfrac=0.0%
[cohort]   sc=6 (112B): pages=2 pure=100.0% faulted=1(50.0%) faults=1 hotfrac=6.2%
[cohort]   sc=7 (128B): pages=1 pure=100.0% faulted=1(100.0%) faults=1 hotfrac=6.2%
[cohort]   sc=8 (160B): pages=1 pure=100.0% faulted=1(100.0%) faults=1 hotfrac=6.2%
[cohort]   sc=9 (192B): pages=1 pure=100.0% faulted=1(100.0%) faults=1 hotfrac=6.2%
[cohort]   sc=10 (224B): pages=1 pure=100.0% faulted=0(0.0%) faults=0 hotfrac=0.0%
[cohort]   sc=11 (256B): pages=1 pure=100.0% faulted=0(0.0%) faults=0 hotfrac=0.0%
[cohort]   sc=12 (320B): pages=3 pure=100.0% faulted=2(66.7%) faults=2 hotfrac=6.2%
[cohort]   sc=13 (384B): pages=1 pure=100.0% faulted=0(0.0%) faults=0 hotfrac=0.0%
[cohort]   sc=15 (512B): pages=2 pure=100.0% faulted=1(50.0%) faults=1 hotfrac=6.2%
[cohort]   sc=16 (640B): pages=1 pure=100.0% faulted=1(100.0%) faults=1 hotfrac=6.2%
[cohort]   sc=18 (896B): pages=1 pure=100.0% faulted=1(100.0%) faults=1 hotfrac=6.2%
[cohort]   sc=19 (1024B): pages=3 pure=100.0% faulted=0(0.0%) faults=0 hotfrac=0.0%
[cohort]   sc=20 (1280B): pages=1 pure=100.0% faulted=0(0.0%) faults=0 hotfrac=0.0%
[cohort]   sc=24 (2560B): pages=1 pure=100.0% faulted=0(0.0%) faults=0 hotfrac=0.0%
[cohort]   sc=26 (3584B): pages=1 pure=100.0% faulted=0(0.0%) faults=0 hotfrac=0.0%
[cohort]   sc=27 (4096B): pages=1 pure=100.0% faulted=0(0.0%) faults=0 hotfrac=0.0%
[cohort]   sc=28 (5120B): pages=83550 pure=100.0% faulted=718(0.9%) faults=718 hotfrac=6.2%
[cohort]   sc=32 (10240B): pages=2 pure=100.0% faulted=0(0.0%) faults=0 hotfrac=0.0%
[cohort]   sc=33 (12288B): pages=1 pure=100.0% faulted=0(0.0%) faults=0 hotfrac=0.0%
[cohort]   sc=34 (14336B): pages=1 pure=100.0% faulted=0(0.0%) faults=0 hotfrac=0.0%
[cohort]   sc=35 (16384B): pages=1 pure=100.0% faulted=1(100.0%) faults=1 hotfrac=6.2%
[cohort]   sc=36 (large): pages=257 pure=100.0% faulted=13(5.1%) faults=13 hotfrac=6.2%
  t= 3s: RSS=325.0 MB  ops=59450
[cohort] stamped=88669 mixed_tid=0(0.0%)  ROUTING-PURITY: pure(1-site)=88669(100.0%) n_ra{1=88669 2=0 3=0 4=0 >4=0}  compressed_pages=79661 pure=100.0%
[cohort] HOT/COLD-MIX: faulted_pages=758(0.9% of live) hotfrac{<20%=758 20-40=0 40-60=0 60-80=0 >=80=0}
[cohort]   sc=0 (16B): pages=3 pure=100.0% faulted=1(33.3%) faults=1 hotfrac=6.2%
[cohort]   sc=1 (32B): pages=1 pure=100.0% faulted=1(100.0%) faults=1 hotfrac=6.2%
[cohort]   sc=2 (48B): pages=2 pure=100.0% faulted=1(50.0%) faults=1 hotfrac=6.2%
[cohort]   sc=3 (64B): pages=2 pure=100.0% faulted=0(0.0%) faults=0 hotfrac=0.0%
[cohort]   sc=4 (80B): pages=2 pure=100.0% faulted=1(50.0%) faults=1 hotfrac=6.2%
[cohort]   sc=5 (96B): pages=2 pure=100.0% faulted=0(0.0%) faults=0 hotfrac=0.0%
[cohort]   sc=6 (112B): pages=2 pure=100.0% faulted=1(50.0%) faults=1 hotfrac=6.2%
[cohort]   sc=7 (128B): pages=1 pure=100.0% faulted=1(100.0%) faults=1 hotfrac=6.2%
[cohort]   sc=8 (160B): pages=1 pure=100.0% faulted=1(100.0%) faults=1 hotfrac=6.2%
[cohort]   sc=9 (192B): pages=1 pure=100.0% faulted=1(100.0%) faults=1 hotfrac=6.2%
[cohort]   sc=10 (224B): pages=1 pure=100.0% faulted=0(0.0%) faults=0 hotfrac=0.0%
[cohort]   sc=11 (256B): pages=1 pure=100.0% faulted=0(0.0%) faults=0 hotfrac=0.0%
[cohort]   sc=12 (320B): pages=3 pure=100.0% faulted=2(66.7%) faults=2 hotfrac=6.2%
[cohort]   sc=13 (384B): pages=1 pure=100.0% faulted=0(0.0%) faults=0 hotfrac=0.0%
[cohort]   sc=15 (512B): pages=2 pure=100.0% faulted=1(50.0%) faults=1 hotfrac=6.2%
[cohort]   sc=16 (640B): pages=1 pure=100.0% faulted=1(100.0%) faults=1 hotfrac=6.2%
[cohort]   sc=18 (896B): pages=1 pure=100.0% faulted=1(100.0%) faults=1 hotfrac=6.2%
[cohort]   sc=19 (1024B): pages=3 pure=100.0% faulted=0(0.0%) faults=0 hotfrac=0.0%
[cohort]   sc=20 (1280B): pages=1 pure=100.0% faulted=0(0.0%) faults=0 hotfrac=0.0%
[cohort]   sc=24 (2560B): pages=1 pure=100.0% faulted=0(0.0%) faults=0 hotfrac=0.0%
[cohort]   sc=26 (3584B): pages=1 pure=100.0% faulted=0(0.0%) faults=0 hotfrac=0.0%
[cohort]   sc=27 (4096B): pages=1 pure=100.0% faulted=0(0.0%) faults=0 hotfrac=0.0%
[cohort]   sc=28 (5120B): pages=87396 pure=100.0% faulted=728(0.8%) faults=728 hotfrac=6.2%
[cohort]   sc=32 (10240B): pages=2 pure=100.0% faulted=0(0.0%) faults=0 hotfrac=0.0%
[cohort]   sc=33 (12288B): pages=1 pure=100.0% faulted=0(0.0%) faults=0 hotfrac=0.0%
[cohort]   sc=34 (14336B): pages=1 pure=100.0% faulted=0(0.0%) faults=0 hotfrac=0.0%
[cohort]   sc=35 (16384B): pages=1 pure=100.0% faulted=1(100.0%) faults=1 hotfrac=6.2%
[cohort]   sc=36 (large): pages=1234 pure=100.0% faulted=16(1.3%) faults=16 hotfrac=6.2%
  t= 4s: RSS=332.6 MB  ops=85446
[cohort] stamped=90097 mixed_tid=0(0.0%)  ROUTING-PURITY: pure(1-site)=90097(100.0%) n_ra{1=90097 2=0 3=0 4=0 >4=0}  compressed_pages=79661 pure=100.0%
[cohort] HOT/COLD-MIX: faulted_pages=768(0.9% of live) hotfrac{<20%=768 20-40=0 40-60=0 60-80=0 >=80=0}
[cohort]   sc=0 (16B): pages=3 pure=100.0% faulted=1(33.3%) faults=1 hotfrac=6.2%
[cohort]   sc=1 (32B): pages=1 pure=100.0% faulted=1(100.0%) faults=1 hotfrac=6.2%
[cohort]   sc=2 (48B): pages=2 pure=100.0% faulted=1(50.0%) faults=1 hotfrac=6.2%
[cohort]   sc=3 (64B): pages=2 pure=100.0% faulted=0(0.0%) faults=0 hotfrac=0.0%
[cohort]   sc=4 (80B): pages=2 pure=100.0% faulted=1(50.0%) faults=1 hotfrac=6.2%
[cohort]   sc=5 (96B): pages=2 pure=100.0% faulted=0(0.0%) faults=0 hotfrac=0.0%
[cohort]   sc=6 (112B): pages=2 pure=100.0% faulted=1(50.0%) faults=1 hotfrac=6.2%
[cohort]   sc=7 (128B): pages=1 pure=100.0% faulted=1(100.0%) faults=1 hotfrac=6.2%
[cohort]   sc=8 (160B): pages=1 pure=100.0% faulted=1(100.0%) faults=1 hotfrac=6.2%
[cohort]   sc=9 (192B): pages=1 pure=100.0% faulted=1(100.0%) faults=1 hotfrac=6.2%
[cohort]   sc=10 (224B): pages=1 pure=100.0% faulted=0(0.0%) faults=0 hotfrac=0.0%
[cohort]   sc=11 (256B): pages=1 pure=100.0% faulted=0(0.0%) faults=0 hotfrac=0.0%
[cohort]   sc=12 (320B): pages=3 pure=100.0% faulted=2(66.7%) faults=2 hotfrac=6.2%
[cohort]   sc=13 (384B): pages=1 pure=100.0% faulted=0(0.0%) faults=0 hotfrac=0.0%
[cohort]   sc=15 (512B): pages=2 pure=100.0% faulted=1(50.0%) faults=1 hotfrac=6.2%
[cohort]   sc=16 (640B): pages=1 pure=100.0% faulted=1(100.0%) faults=1 hotfrac=6.2%
[cohort]   sc=18 (896B): pages=1 pure=100.0% faulted=1(100.0%) faults=1 hotfrac=6.2%
[cohort]   sc=19 (1024B): pages=3 pure=100.0% faulted=0(0.0%) faults=0 hotfrac=0.0%
[cohort]   sc=20 (1280B): pages=1 pure=100.0% faulted=0(0.0%) faults=0 hotfrac=0.0%
[cohort]   sc=24 (2560B): pages=1 pure=100.0% faulted=0(0.0%) faults=0 hotfrac=0.0%
[cohort]   sc=26 (3584B): pages=1 pure=100.0% faulted=0(0.0%) faults=0 hotfrac=0.0%
[cohort]   sc=27 (4096B): pages=1 pure=100.0% faulted=0(0.0%) faults=0 hotfrac=0.0%
[cohort]   sc=28 (5120B): pages=88824 pure=100.0% faulted=735(0.8%) faults=735 hotfrac=6.2%
[cohort]   sc=32 (10240B): pages=2 pure=100.0% faulted=0(0.0%) faults=0 hotfrac=0.0%
[cohort]   sc=33 (12288B): pages=1 pure=100.0% faulted=0(0.0%) faults=0 hotfrac=0.0%
[cohort]   sc=34 (14336B): pages=1 pure=100.0% faulted=0(0.0%) faults=0 hotfrac=0.0%
[cohort]   sc=35 (16384B): pages=1 pure=100.0% faulted=1(100.0%) faults=1 hotfrac=6.2%
[cohort]   sc=36 (large): pages=1234 pure=100.0% faulted=19(1.5%) faults=19 hotfrac=6.2%
  t= 5s: RSS=340.1 MB  ops=84188
[cohort] stamped=91543 mixed_tid=0(0.0%)  ROUTING-PURITY: pure(1-site)=91543(100.0%) n_ra{1=91543 2=0 3=0 4=0 >4=0}  compressed_pages=79661 pure=100.0%
[cohort] HOT/COLD-MIX: faulted_pages=771(0.8% of live) hotfrac{<20%=771 20-40=0 40-60=0 60-80=0 >=80=0}
[cohort]   sc=0 (16B): pages=3 pure=100.0% faulted=1(33.3%) faults=1 hotfrac=6.2%
[cohort]   sc=1 (32B): pages=1 pure=100.0% faulted=1(100.0%) faults=1 hotfrac=6.2%
[cohort]   sc=2 (48B): pages=2 pure=100.0% faulted=1(50.0%) faults=1 hotfrac=6.2%
[cohort]   sc=3 (64B): pages=2 pure=100.0% faulted=0(0.0%) faults=0 hotfrac=0.0%
[cohort]   sc=4 (80B): pages=2 pure=100.0% faulted=1(50.0%) faults=1 hotfrac=6.2%
[cohort]   sc=5 (96B): pages=2 pure=100.0% faulted=0(0.0%) faults=0 hotfrac=0.0%
[cohort]   sc=6 (112B): pages=2 pure=100.0% faulted=1(50.0%) faults=1 hotfrac=6.2%
[cohort]   sc=7 (128B): pages=1 pure=100.0% faulted=1(100.0%) faults=1 hotfrac=6.2%
[cohort]   sc=8 (160B): pages=1 pure=100.0% faulted=1(100.0%) faults=1 hotfrac=6.2%
[cohort]   sc=9 (192B): pages=1 pure=100.0% faulted=1(100.0%) faults=1 hotfrac=6.2%
[cohort]   sc=10 (224B): pages=1 pure=100.0% faulted=0(0.0%) faults=0 hotfrac=0.0%
[cohort]   sc=11 (256B): pages=1 pure=100.0% faulted=0(0.0%) faults=0 hotfrac=0.0%
[cohort]   sc=12 (320B): pages=3 pure=100.0% faulted=2(66.7%) faults=2 hotfrac=6.2%
[cohort]   sc=13 (384B): pages=1 pure=100.0% faulted=0(0.0%) faults=0 hotfrac=0.0%
[cohort]   sc=15 (512B): pages=2 pure=100.0% faulted=1(50.0%) faults=1 hotfrac=6.2%
[cohort]   sc=16 (640B): pages=1 pure=100.0% faulted=1(100.0%) faults=1 hotfrac=6.2%
[cohort]   sc=18 (896B): pages=1 pure=100.0% faulted=1(100.0%) faults=1 hotfrac=6.2%
[cohort]   sc=19 (1024B): pages=3 pure=100.0% faulted=0(0.0%) faults=0 hotfrac=0.0%
[cohort]   sc=20 (1280B): pages=1 pure=100.0% faulted=0(0.0%) faults=0 hotfrac=0.0%
[cohort]   sc=24 (2560B): pages=1 pure=100.0% faulted=0(0.0%) faults=0 hotfrac=0.0%
[cohort]   sc=26 (3584B): pages=1 pure=100.0% faulted=0(0.0%) faults=0 hotfrac=0.0%
[cohort]   sc=27 (4096B): pages=1 pure=100.0% faulted=0(0.0%) faults=0 hotfrac=0.0%
[cohort]   sc=28 (5120B): pages=90270 pure=100.0% faulted=735(0.8%) faults=735 hotfrac=6.2%
[cohort]   sc=32 (10240B): pages=2 pure=100.0% faulted=0(0.0%) faults=0 hotfrac=0.0%
[cohort]   sc=33 (12288B): pages=1 pure=100.0% faulted=0(0.0%) faults=0 hotfrac=0.0%
[cohort]   sc=34 (14336B): pages=1 pure=100.0% faulted=0(0.0%) faults=0 hotfrac=0.0%
[cohort]   sc=35 (16384B): pages=1 pure=100.0% faulted=1(100.0%) faults=1 hotfrac=6.2%
[cohort]   sc=36 (large): pages=1234 pure=100.0% faulted=22(1.8%) faults=22 hotfrac=6.2%
  t= 6s: RSS=347.7 MB  ops=84575
[cohort] stamped=93013 mixed_tid=0(0.0%)  ROUTING-PURITY: pure(1-site)=93013(100.0%) n_ra{1=93013 2=0 3=0 4=0 >4=0}  compressed_pages=79661 pure=100.0%
[cohort] HOT/COLD-MIX: faulted_pages=774(0.8% of live) hotfrac{<20%=774 20-40=0 40-60=0 60-80=0 >=80=0}
[cohort]   sc=0 (16B): pages=3 pure=100.0% faulted=1(33.3%) faults=1 hotfrac=6.2%
[cohort]   sc=1 (32B): pages=1 pure=100.0% faulted=1(100.0%) faults=1 hotfrac=6.2%
[cohort]   sc=2 (48B): pages=2 pure=100.0% faulted=1(50.0%) faults=1 hotfrac=6.2%
[cohort]   sc=3 (64B): pages=2 pure=100.0% faulted=0(0.0%) faults=0 hotfrac=0.0%
[cohort]   sc=4 (80B): pages=2 pure=100.0% faulted=1(50.0%) faults=1 hotfrac=6.2%
[cohort]   sc=5 (96B): pages=2 pure=100.0% faulted=0(0.0%) faults=0 hotfrac=0.0%
[cohort]   sc=6 (112B): pages=2 pure=100.0% faulted=1(50.0%) faults=1 hotfrac=6.2%
[cohort]   sc=7 (128B): pages=1 pure=100.0% faulted=1(100.0%) faults=1 hotfrac=6.2%
[cohort]   sc=8 (160B): pages=1 pure=100.0% faulted=1(100.0%) faults=1 hotfrac=6.2%
[cohort]   sc=9 (192B): pages=1 pure=100.0% faulted=1(100.0%) faults=1 hotfrac=6.2%
[cohort]   sc=10 (224B): pages=1 pure=100.0% faulted=0(0.0%) faults=0 hotfrac=0.0%
[cohort]   sc=11 (256B): pages=1 pure=100.0% faulted=0(0.0%) faults=0 hotfrac=0.0%
[cohort]   sc=12 (320B): pages=3 pure=100.0% faulted=2(66.7%) faults=2 hotfrac=6.2%
[cohort]   sc=13 (384B): pages=1 pure=100.0% faulted=0(0.0%) faults=0 hotfrac=0.0%
[cohort]   sc=15 (512B): pages=2 pure=100.0% faulted=1(50.0%) faults=1 hotfrac=6.2%
[cohort]   sc=16 (640B): pages=1 pure=100.0% faulted=1(100.0%) faults=1 hotfrac=6.2%
[cohort]   sc=18 (896B): pages=1 pure=100.0% faulted=1(100.0%) faults=1 hotfrac=6.2%
[cohort]   sc=19 (1024B): pages=3 pure=100.0% faulted=0(0.0%) faults=0 hotfrac=0.0%
[cohort]   sc=20 (1280B): pages=1 pure=100.0% faulted=0(0.0%) faults=0 hotfrac=0.0%
[cohort]   sc=24 (2560B): pages=1 pure=100.0% faulted=0(0.0%) faults=0 hotfrac=0.0%
[cohort]   sc=26 (3584B): pages=1 pure=100.0% faulted=0(0.0%) faults=0 hotfrac=0.0%
[cohort]   sc=27 (4096B): pages=1 pure=100.0% faulted=0(0.0%) faults=0 hotfrac=0.0%
[cohort]   sc=28 (5120B): pages=91740 pure=100.0% faulted=735(0.8%) faults=735 hotfrac=6.2%
[cohort]   sc=32 (10240B): pages=2 pure=100.0% faulted=0(0.0%) faults=0 hotfrac=0.0%
[cohort]   sc=33 (12288B): pages=1 pure=100.0% faulted=0(0.0%) faults=0 hotfrac=0.0%
[cohort]   sc=34 (14336B): pages=1 pure=100.0% faulted=0(0.0%) faults=0 hotfrac=0.0%
[cohort]   sc=35 (16384B): pages=1 pure=100.0% faulted=1(100.0%) faults=1 hotfrac=6.2%
[cohort]   sc=36 (large): pages=1234 pure=100.0% faulted=25(2.0%) faults=25 hotfrac=6.2%
  t= 7s: RSS=355.1 MB  ops=85929
[cohort] stamped=94441 mixed_tid=0(0.0%)  ROUTING-PURITY: pure(1-site)=94441(100.0%) n_ra{1=94441 2=0 3=0 4=0 >4=0}  compressed_pages=79662 pure=100.0%
[cohort] HOT/COLD-MIX: faulted_pages=776(0.8% of live) hotfrac{<20%=776 20-40=0 40-60=0 60-80=0 >=80=0}
[cohort]   sc=0 (16B): pages=3 pure=100.0% faulted=1(33.3%) faults=1 hotfrac=6.2%
[cohort]   sc=1 (32B): pages=1 pure=100.0% faulted=1(100.0%) faults=1 hotfrac=6.2%
[cohort]   sc=2 (48B): pages=2 pure=100.0% faulted=1(50.0%) faults=1 hotfrac=6.2%
[cohort]   sc=3 (64B): pages=2 pure=100.0% faulted=0(0.0%) faults=0 hotfrac=0.0%
[cohort]   sc=4 (80B): pages=2 pure=100.0% faulted=1(50.0%) faults=1 hotfrac=6.2%
[cohort]   sc=5 (96B): pages=2 pure=100.0% faulted=0(0.0%) faults=0 hotfrac=0.0%
[cohort]   sc=6 (112B): pages=2 pure=100.0% faulted=1(50.0%) faults=1 hotfrac=6.2%
[cohort]   sc=7 (128B): pages=1 pure=100.0% faulted=1(100.0%) faults=1 hotfrac=6.2%
[cohort]   sc=8 (160B): pages=1 pure=100.0% faulted=1(100.0%) faults=1 hotfrac=6.2%
[cohort]   sc=9 (192B): pages=1 pure=100.0% faulted=1(100.0%) faults=1 hotfrac=6.2%
[cohort]   sc=10 (224B): pages=1 pure=100.0% faulted=0(0.0%) faults=0 hotfrac=0.0%
[cohort]   sc=11 (256B): pages=1 pure=100.0% faulted=0(0.0%) faults=0 hotfrac=0.0%
[cohort]   sc=12 (320B): pages=3 pure=100.0% faulted=2(66.7%) faults=2 hotfrac=6.2%
[cohort]   sc=13 (384B): pages=1 pure=100.0% faulted=0(0.0%) faults=0 hotfrac=0.0%
[cohort]   sc=15 (512B): pages=2 pure=100.0% faulted=1(50.0%) faults=1 hotfrac=6.2%
[cohort]   sc=16 (640B): pages=1 pure=100.0% faulted=1(100.0%) faults=1 hotfrac=6.2%
[cohort]   sc=18 (896B): pages=1 pure=100.0% faulted=1(100.0%) faults=1 hotfrac=6.2%
[cohort]   sc=19 (1024B): pages=3 pure=100.0% faulted=0(0.0%) faults=0 hotfrac=0.0%
[cohort]   sc=20 (1280B): pages=1 pure=100.0% faulted=0(0.0%) faults=0 hotfrac=0.0%
[cohort]   sc=24 (2560B): pages=1 pure=100.0% faulted=0(0.0%) faults=0 hotfrac=0.0%
[cohort]   sc=26 (3584B): pages=1 pure=100.0% faulted=0(0.0%) faults=0 hotfrac=0.0%
[cohort]   sc=27 (4096B): pages=1 pure=100.0% faulted=0(0.0%) faults=0 hotfrac=0.0%
[cohort]   sc=28 (5120B): pages=93168 pure=100.0% faulted=735(0.8%) faults=735 hotfrac=6.2%
[cohort]   sc=32 (10240B): pages=2 pure=100.0% faulted=0(0.0%) faults=0 hotfrac=0.0%
[cohort]   sc=33 (12288B): pages=1 pure=100.0% faulted=0(0.0%) faults=0 hotfrac=0.0%
[cohort]   sc=34 (14336B): pages=1 pure=100.0% faulted=0(0.0%) faults=0 hotfrac=0.0%
[cohort]   sc=35 (16384B): pages=1 pure=100.0% faulted=1(100.0%) faults=1 hotfrac=6.2%
[cohort]   sc=36 (large): pages=1234 pure=100.0% faulted=27(2.2%) faults=27 hotfrac=6.2%
  t= 8s: RSS=362.8 MB  ops=85660
[cohort] stamped=95953 mixed_tid=0(0.0%)  ROUTING-PURITY: pure(1-site)=95953(100.0%) n_ra{1=95953 2=0 3=0 4=0 >4=0}  compressed_pages=79662 pure=100.0%
[cohort] HOT/COLD-MIX: faulted_pages=779(0.8% of live) hotfrac{<20%=779 20-40=0 40-60=0 60-80=0 >=80=0}
[cohort]   sc=0 (16B): pages=3 pure=100.0% faulted=1(33.3%) faults=1 hotfrac=6.2%
[cohort]   sc=1 (32B): pages=1 pure=100.0% faulted=1(100.0%) faults=1 hotfrac=6.2%
[cohort]   sc=2 (48B): pages=2 pure=100.0% faulted=1(50.0%) faults=1 hotfrac=6.2%
[cohort]   sc=3 (64B): pages=2 pure=100.0% faulted=0(0.0%) faults=0 hotfrac=0.0%
[cohort]   sc=4 (80B): pages=2 pure=100.0% faulted=1(50.0%) faults=1 hotfrac=6.2%
[cohort]   sc=5 (96B): pages=2 pure=100.0% faulted=0(0.0%) faults=0 hotfrac=0.0%
[cohort]   sc=6 (112B): pages=2 pure=100.0% faulted=1(50.0%) faults=1 hotfrac=6.2%
[cohort]   sc=7 (128B): pages=1 pure=100.0% faulted=1(100.0%) faults=1 hotfrac=6.2%
[cohort]   sc=8 (160B): pages=1 pure=100.0% faulted=1(100.0%) faults=1 hotfrac=6.2%
[cohort]   sc=9 (192B): pages=1 pure=100.0% faulted=1(100.0%) faults=1 hotfrac=6.2%
[cohort]   sc=10 (224B): pages=1 pure=100.0% faulted=0(0.0%) faults=0 hotfrac=0.0%
[cohort]   sc=11 (256B): pages=1 pure=100.0% faulted=0(0.0%) faults=0 hotfrac=0.0%
[cohort]   sc=12 (320B): pages=3 pure=100.0% faulted=2(66.7%) faults=2 hotfrac=6.2%
[cohort]   sc=13 (384B): pages=1 pure=100.0% faulted=0(0.0%) faults=0 hotfrac=0.0%
[cohort]   sc=15 (512B): pages=2 pure=100.0% faulted=1(50.0%) faults=1 hotfrac=6.2%
[cohort]   sc=16 (640B): pages=1 pure=100.0% faulted=1(100.0%) faults=1 hotfrac=6.2%
[cohort]   sc=18 (896B): pages=1 pure=100.0% faulted=1(100.0%) faults=1 hotfrac=6.2%
[cohort]   sc=19 (1024B): pages=3 pure=100.0% faulted=0(0.0%) faults=0 hotfrac=0.0%
[cohort]   sc=20 (1280B): pages=1 pure=100.0% faulted=0(0.0%) faults=0 hotfrac=0.0%
[cohort]   sc=24 (2560B): pages=1 pure=100.0% faulted=0(0.0%) faults=0 hotfrac=0.0%
[cohort]   sc=26 (3584B): pages=1 pure=100.0% faulted=0(0.0%) faults=0 hotfrac=0.0%
[cohort]   sc=27 (4096B): pages=1 pure=100.0% faulted=0(0.0%) faults=0 hotfrac=0.0%
[cohort]   sc=28 (5120B): pages=94680 pure=100.0% faulted=735(0.8%) faults=735 hotfrac=6.2%
[cohort]   sc=32 (10240B): pages=2 pure=100.0% faulted=0(0.0%) faults=0 hotfrac=0.0%
[cohort]   sc=33 (12288B): pages=1 pure=100.0% faulted=0(0.0%) faults=0 hotfrac=0.0%
[cohort]   sc=34 (14336B): pages=1 pure=100.0% faulted=0(0.0%) faults=0 hotfrac=0.0%
[cohort]   sc=35 (16384B): pages=1 pure=100.0% faulted=1(100.0%) faults=1 hotfrac=6.2%
[cohort]   sc=36 (large): pages=1234 pure=100.0% faulted=30(2.4%) faults=30 hotfrac=6.2%
  t= 9s: RSS=370.4 MB  ops=86520
[cohort] stamped=97375 mixed_tid=0(0.0%)  ROUTING-PURITY: pure(1-site)=97375(100.0%) n_ra{1=97375 2=0 3=0 4=0 >4=0}  compressed_pages=80564 pure=100.0%
[cohort] HOT/COLD-MIX: faulted_pages=783(0.8% of live) hotfrac{<20%=783 20-40=0 40-60=0 60-80=0 >=80=0}
[cohort]   sc=0 (16B): pages=3 pure=100.0% faulted=1(33.3%) faults=1 hotfrac=6.2%
[cohort]   sc=1 (32B): pages=1 pure=100.0% faulted=1(100.0%) faults=1 hotfrac=6.2%
[cohort]   sc=2 (48B): pages=2 pure=100.0% faulted=1(50.0%) faults=1 hotfrac=6.2%
[cohort]   sc=3 (64B): pages=2 pure=100.0% faulted=0(0.0%) faults=0 hotfrac=0.0%
[cohort]   sc=4 (80B): pages=2 pure=100.0% faulted=1(50.0%) faults=1 hotfrac=6.2%
[cohort]   sc=5 (96B): pages=2 pure=100.0% faulted=0(0.0%) faults=0 hotfrac=0.0%
[cohort]   sc=6 (112B): pages=2 pure=100.0% faulted=1(50.0%) faults=1 hotfrac=6.2%
[cohort]   sc=7 (128B): pages=1 pure=100.0% faulted=1(100.0%) faults=1 hotfrac=6.2%
[cohort]   sc=8 (160B): pages=1 pure=100.0% faulted=1(100.0%) faults=1 hotfrac=6.2%
[cohort]   sc=9 (192B): pages=1 pure=100.0% faulted=1(100.0%) faults=1 hotfrac=6.2%
[cohort]   sc=10 (224B): pages=1 pure=100.0% faulted=0(0.0%) faults=0 hotfrac=0.0%
[cohort]   sc=11 (256B): pages=1 pure=100.0% faulted=0(0.0%) faults=0 hotfrac=0.0%
[cohort]   sc=12 (320B): pages=3 pure=100.0% faulted=2(66.7%) faults=2 hotfrac=6.2%
[cohort]   sc=13 (384B): pages=1 pure=100.0% faulted=0(0.0%) faults=0 hotfrac=0.0%
[cohort]   sc=15 (512B): pages=2 pure=100.0% faulted=1(50.0%) faults=1 hotfrac=6.2%
[cohort]   sc=16 (640B): pages=1 pure=100.0% faulted=1(100.0%) faults=1 hotfrac=6.2%
[cohort]   sc=18 (896B): pages=1 pure=100.0% faulted=1(100.0%) faults=1 hotfrac=6.2%
[cohort]   sc=19 (1024B): pages=3 pure=100.0% faulted=0(0.0%) faults=0 hotfrac=0.0%
[cohort]   sc=20 (1280B): pages=1 pure=100.0% faulted=0(0.0%) faults=0 hotfrac=0.0%
[cohort]   sc=24 (2560B): pages=1 pure=100.0% faulted=0(0.0%) faults=0 hotfrac=0.0%
[cohort]   sc=26 (3584B): pages=1 pure=100.0% faulted=0(0.0%) faults=0 hotfrac=0.0%
[cohort]   sc=27 (4096B): pages=1 pure=100.0% faulted=0(0.0%) faults=0 hotfrac=0.0%
[cohort]   sc=28 (5120B): pages=96102 pure=100.0% faulted=735(0.8%) faults=735 hotfrac=6.2%
[cohort]   sc=32 (10240B): pages=2 pure=100.0% faulted=0(0.0%) faults=0 hotfrac=0.0%
[cohort]   sc=33 (12288B): pages=1 pure=100.0% faulted=0(0.0%) faults=0 hotfrac=0.0%
[cohort]   sc=34 (14336B): pages=1 pure=100.0% faulted=0(0.0%) faults=0 hotfrac=0.0%
[cohort]   sc=35 (16384B): pages=1 pure=100.0% faulted=1(100.0%) faults=1 hotfrac=6.2%
[cohort]   sc=36 (large): pages=1234 pure=100.0% faulted=34(2.8%) faults=34 hotfrac=6.2%
  t=10s: RSS=377.7 MB  ops=83989
[cohort] stamped=98857 mixed_tid=0(0.0%)  ROUTING-PURITY: pure(1-site)=98857(100.0%) n_ra{1=98857 2=0 3=0 4=0 >4=0}  compressed_pages=80576 pure=100.0%
[cohort] HOT/COLD-MIX: faulted_pages=798(0.8% of live) hotfrac{<20%=798 20-40=0 40-60=0 60-80=0 >=80=0}
[cohort]   sc=0 (16B): pages=3 pure=100.0% faulted=1(33.3%) faults=1 hotfrac=6.2%
[cohort]   sc=1 (32B): pages=1 pure=100.0% faulted=1(100.0%) faults=1 hotfrac=6.2%
[cohort]   sc=2 (48B): pages=2 pure=100.0% faulted=1(50.0%) faults=1 hotfrac=6.2%
[cohort]   sc=3 (64B): pages=2 pure=100.0% faulted=0(0.0%) faults=0 hotfrac=0.0%
[cohort]   sc=4 (80B): pages=2 pure=100.0% faulted=1(50.0%) faults=1 hotfrac=6.2%
[cohort]   sc=5 (96B): pages=2 pure=100.0% faulted=0(0.0%) faults=0 hotfrac=0.0%
[cohort]   sc=6 (112B): pages=2 pure=100.0% faulted=1(50.0%) faults=1 hotfrac=6.2%
[cohort]   sc=7 (128B): pages=1 pure=100.0% faulted=1(100.0%) faults=1 hotfrac=6.2%
[cohort]   sc=8 (160B): pages=1 pure=100.0% faulted=1(100.0%) faults=1 hotfrac=6.2%
[cohort]   sc=9 (192B): pages=1 pure=100.0% faulted=1(100.0%) faults=1 hotfrac=6.2%
[cohort]   sc=10 (224B): pages=1 pure=100.0% faulted=0(0.0%) faults=0 hotfrac=0.0%
[cohort]   sc=11 (256B): pages=1 pure=100.0% faulted=0(0.0%) faults=0 hotfrac=0.0%
[cohort]   sc=12 (320B): pages=3 pure=100.0% faulted=2(66.7%) faults=2 hotfrac=6.2%
[cohort]   sc=13 (384B): pages=1 pure=100.0% faulted=0(0.0%) faults=0 hotfrac=0.0%
[cohort]   sc=15 (512B): pages=2 pure=100.0% faulted=1(50.0%) faults=1 hotfrac=6.2%
[cohort]   sc=16 (640B): pages=1 pure=100.0% faulted=1(100.0%) faults=1 hotfrac=6.2%
[cohort]   sc=18 (896B): pages=1 pure=100.0% faulted=1(100.0%) faults=1 hotfrac=6.2%
[cohort]   sc=19 (1024B): pages=3 pure=100.0% faulted=0(0.0%) faults=0 hotfrac=0.0%
[cohort]   sc=20 (1280B): pages=1 pure=100.0% faulted=0(0.0%) faults=0 hotfrac=0.0%
[cohort]   sc=24 (2560B): pages=1 pure=100.0% faulted=0(0.0%) faults=0 hotfrac=0.0%
[cohort]   sc=26 (3584B): pages=1 pure=100.0% faulted=0(0.0%) faults=0 hotfrac=0.0%
[cohort]   sc=27 (4096B): pages=1 pure=100.0% faulted=0(0.0%) faults=0 hotfrac=0.0%
[cohort]   sc=28 (5120B): pages=97584 pure=100.0% faulted=735(0.8%) faults=735 hotfrac=6.2%
[cohort]   sc=32 (10240B): pages=2 pure=100.0% faulted=0(0.0%) faults=0 hotfrac=0.0%
[cohort]   sc=33 (12288B): pages=1 pure=100.0% faulted=0(0.0%) faults=0 hotfrac=0.0%
[cohort]   sc=34 (14336B): pages=1 pure=100.0% faulted=0(0.0%) faults=0 hotfrac=0.0%
[cohort]   sc=35 (16384B): pages=1 pure=100.0% faulted=1(100.0%) faults=1 hotfrac=6.2%
[cohort]   sc=36 (large): pages=1234 pure=100.0% faulted=49(4.0%) faults=49 hotfrac=6.2%
  t=11s: RSS=386.5 MB  ops=84911
[cohort] stamped=100369 mixed_tid=0(0.0%)  ROUTING-PURITY: pure(1-site)=100369(100.0%) n_ra{1=100369 2=0 3=0 4=0 >4=0}  compressed_pages=80586 pure=100.0%
[cohort] HOT/COLD-MIX: faulted_pages=812(0.8% of live) hotfrac{<20%=812 20-40=0 40-60=0 60-80=0 >=80=0}
[cohort]   sc=0 (16B): pages=3 pure=100.0% faulted=1(33.3%) faults=1 hotfrac=6.2%
[cohort]   sc=1 (32B): pages=1 pure=100.0% faulted=1(100.0%) faults=1 hotfrac=6.2%
[cohort]   sc=2 (48B): pages=2 pure=100.0% faulted=1(50.0%) faults=1 hotfrac=6.2%
[cohort]   sc=3 (64B): pages=2 pure=100.0% faulted=0(0.0%) faults=0 hotfrac=0.0%
[cohort]   sc=4 (80B): pages=2 pure=100.0% faulted=1(50.0%) faults=1 hotfrac=6.2%
[cohort]   sc=5 (96B): pages=2 pure=100.0% faulted=0(0.0%) faults=0 hotfrac=0.0%
[cohort]   sc=6 (112B): pages=2 pure=100.0% faulted=1(50.0%) faults=1 hotfrac=6.2%
[cohort]   sc=7 (128B): pages=1 pure=100.0% faulted=1(100.0%) faults=1 hotfrac=6.2%
[cohort]   sc=8 (160B): pages=1 pure=100.0% faulted=1(100.0%) faults=1 hotfrac=6.2%
[cohort]   sc=9 (192B): pages=1 pure=100.0% faulted=1(100.0%) faults=1 hotfrac=6.2%
[cohort]   sc=10 (224B): pages=1 pure=100.0% faulted=0(0.0%) faults=0 hotfrac=0.0%
[cohort]   sc=11 (256B): pages=1 pure=100.0% faulted=0(0.0%) faults=0 hotfrac=0.0%
[cohort]   sc=12 (320B): pages=3 pure=100.0% faulted=2(66.7%) faults=2 hotfrac=6.2%
[cohort]   sc=13 (384B): pages=1 pure=100.0% faulted=0(0.0%) faults=0 hotfrac=0.0%
[cohort]   sc=15 (512B): pages=2 pure=100.0% faulted=1(50.0%) faults=1 hotfrac=6.2%
[cohort]   sc=16 (640B): pages=1 pure=100.0% faulted=1(100.0%) faults=1 hotfrac=6.2%
[cohort]   sc=18 (896B): pages=1 pure=100.0% faulted=1(100.0%) faults=1 hotfrac=6.2%
[cohort]   sc=19 (1024B): pages=3 pure=100.0% faulted=0(0.0%) faults=0 hotfrac=0.0%
[cohort]   sc=20 (1280B): pages=1 pure=100.0% faulted=0(0.0%) faults=0 hotfrac=0.0%
[cohort]   sc=24 (2560B): pages=1 pure=100.0% faulted=0(0.0%) faults=0 hotfrac=0.0%
[cohort]   sc=26 (3584B): pages=1 pure=100.0% faulted=0(0.0%) faults=0 hotfrac=0.0%
[cohort]   sc=27 (4096B): pages=1 pure=100.0% faulted=0(0.0%) faults=0 hotfrac=0.0%
[cohort]   sc=28 (5120B): pages=99096 pure=100.0% faulted=735(0.7%) faults=735 hotfrac=6.2%
[cohort]   sc=32 (10240B): pages=2 pure=100.0% faulted=0(0.0%) faults=0 hotfrac=0.0%
[cohort]   sc=33 (12288B): pages=1 pure=100.0% faulted=0(0.0%) faults=0 hotfrac=0.0%
[cohort]   sc=34 (14336B): pages=1 pure=100.0% faulted=0(0.0%) faults=0 hotfrac=0.0%
[cohort]   sc=35 (16384B): pages=1 pure=100.0% faulted=1(100.0%) faults=1 hotfrac=6.2%
[cohort]   sc=36 (large): pages=1234 pure=100.0% faulted=63(5.1%) faults=63 hotfrac=6.2%
  t=12s: RSS=394.9 MB  ops=84634
  t=13s: RSS=389.6 MB  ops=76731
[cohort] stamped=101839 mixed_tid=0(0.0%)  ROUTING-PURITY: pure(1-site)=101839(100.0%) n_ra{1=101839 2=0 3=0 4=0 >4=0}  compressed_pages=82995 pure=100.0%
[cohort] HOT/COLD-MIX: faulted_pages=2135(2.1% of live) hotfrac{<20%=2135 20-40=0 40-60=0 60-80=0 >=80=0}
[cohort]   sc=0 (16B): pages=3 pure=100.0% faulted=1(33.3%) faults=1 hotfrac=6.2%
[cohort]   sc=1 (32B): pages=1 pure=100.0% faulted=1(100.0%) faults=1 hotfrac=6.2%
[cohort]   sc=2 (48B): pages=2 pure=100.0% faulted=1(50.0%) faults=1 hotfrac=6.2%
[cohort]   sc=3 (64B): pages=2 pure=100.0% faulted=0(0.0%) faults=0 hotfrac=0.0%
[cohort]   sc=4 (80B): pages=2 pure=100.0% faulted=1(50.0%) faults=1 hotfrac=6.2%
[cohort]   sc=5 (96B): pages=2 pure=100.0% faulted=0(0.0%) faults=0 hotfrac=0.0%
[cohort]   sc=6 (112B): pages=2 pure=100.0% faulted=1(50.0%) faults=1 hotfrac=6.2%
[cohort]   sc=7 (128B): pages=1 pure=100.0% faulted=1(100.0%) faults=2 hotfrac=6.2%
[cohort]   sc=8 (160B): pages=1 pure=100.0% faulted=1(100.0%) faults=1 hotfrac=6.2%
[cohort]   sc=9 (192B): pages=1 pure=100.0% faulted=1(100.0%) faults=1 hotfrac=6.2%
[cohort]   sc=10 (224B): pages=1 pure=100.0% faulted=0(0.0%) faults=0 hotfrac=0.0%
[cohort]   sc=11 (256B): pages=1 pure=100.0% faulted=0(0.0%) faults=0 hotfrac=0.0%
[cohort]   sc=12 (320B): pages=3 pure=100.0% faulted=2(66.7%) faults=3 hotfrac=6.2%
[cohort]   sc=13 (384B): pages=1 pure=100.0% faulted=0(0.0%) faults=0 hotfrac=0.0%
[cohort]   sc=15 (512B): pages=2 pure=100.0% faulted=1(50.0%) faults=1 hotfrac=6.2%
[cohort]   sc=16 (640B): pages=1 pure=100.0% faulted=1(100.0%) faults=1 hotfrac=6.2%
[cohort]   sc=18 (896B): pages=1 pure=100.0% faulted=1(100.0%) faults=1 hotfrac=6.2%
[cohort]   sc=19 (1024B): pages=3 pure=100.0% faulted=0(0.0%) faults=0 hotfrac=0.0%
[cohort]   sc=20 (1280B): pages=1 pure=100.0% faulted=0(0.0%) faults=0 hotfrac=0.0%
[cohort]   sc=24 (2560B): pages=1 pure=100.0% faulted=0(0.0%) faults=0 hotfrac=0.0%
[cohort]   sc=26 (3584B): pages=1 pure=100.0% faulted=0(0.0%) faults=0 hotfrac=0.0%
[cohort]   sc=27 (4096B): pages=1 pure=100.0% faulted=0(0.0%) faults=0 hotfrac=0.0%
[cohort]   sc=28 (5120B): pages=100566 pure=100.0% faulted=2044(2.0%) faults=2062 hotfrac=6.2%
[cohort]   sc=32 (10240B): pages=2 pure=100.0% faulted=0(0.0%) faults=0 hotfrac=0.0%
[cohort]   sc=33 (12288B): pages=1 pure=100.0% faulted=0(0.0%) faults=0 hotfrac=0.0%
[cohort]   sc=34 (14336B): pages=1 pure=100.0% faulted=0(0.0%) faults=0 hotfrac=0.0%
[cohort]   sc=35 (16384B): pages=1 pure=100.0% faulted=1(100.0%) faults=1 hotfrac=6.2%
[cohort]   sc=36 (large): pages=1234 pure=100.0% faulted=77(6.2%) faults=86 hotfrac=6.5%
  t=14s: RSS=397.6 MB  ops=86527
[cohort] stamped=103429 mixed_tid=0(0.0%)  ROUTING-PURITY: pure(1-site)=103429(100.0%) n_ra{1=103429 2=0 3=0 4=0 >4=0}  compressed_pages=84452 pure=100.0%
[cohort] HOT/COLD-MIX: faulted_pages=2203(2.1% of live) hotfrac{<20%=2203 20-40=0 40-60=0 60-80=0 >=80=0}
[cohort]   sc=0 (16B): pages=3 pure=100.0% faulted=1(33.3%) faults=1 hotfrac=6.2%
[cohort]   sc=1 (32B): pages=1 pure=100.0% faulted=1(100.0%) faults=1 hotfrac=6.2%
[cohort]   sc=2 (48B): pages=2 pure=100.0% faulted=1(50.0%) faults=1 hotfrac=6.2%
[cohort]   sc=3 (64B): pages=2 pure=100.0% faulted=0(0.0%) faults=0 hotfrac=0.0%
[cohort]   sc=4 (80B): pages=2 pure=100.0% faulted=1(50.0%) faults=1 hotfrac=6.2%
[cohort]   sc=5 (96B): pages=2 pure=100.0% faulted=0(0.0%) faults=0 hotfrac=0.0%
[cohort]   sc=6 (112B): pages=2 pure=100.0% faulted=1(50.0%) faults=1 hotfrac=6.2%
[cohort]   sc=7 (128B): pages=1 pure=100.0% faulted=1(100.0%) faults=2 hotfrac=6.2%
[cohort]   sc=8 (160B): pages=1 pure=100.0% faulted=1(100.0%) faults=1 hotfrac=6.2%
[cohort]   sc=9 (192B): pages=1 pure=100.0% faulted=1(100.0%) faults=1 hotfrac=6.2%
[cohort]   sc=10 (224B): pages=1 pure=100.0% faulted=0(0.0%) faults=0 hotfrac=0.0%
[cohort]   sc=11 (256B): pages=1 pure=100.0% faulted=0(0.0%) faults=0 hotfrac=0.0%
[cohort]   sc=12 (320B): pages=3 pure=100.0% faulted=2(66.7%) faults=3 hotfrac=6.2%
[cohort]   sc=13 (384B): pages=1 pure=100.0% faulted=0(0.0%) faults=0 hotfrac=0.0%
[cohort]   sc=15 (512B): pages=2 pure=100.0% faulted=1(50.0%) faults=1 hotfrac=6.2%
[cohort]   sc=16 (640B): pages=1 pure=100.0% faulted=1(100.0%) faults=1 hotfrac=6.2%
[cohort]   sc=18 (896B): pages=1 pure=100.0% faulted=1(100.0%) faults=1 hotfrac=6.2%
[cohort]   sc=19 (1024B): pages=3 pure=100.0% faulted=0(0.0%) faults=0 hotfrac=0.0%
[cohort]   sc=20 (1280B): pages=1 pure=100.0% faulted=0(0.0%) faults=0 hotfrac=0.0%
[cohort]   sc=24 (2560B): pages=1 pure=100.0% faulted=0(0.0%) faults=0 hotfrac=0.0%
[cohort]   sc=26 (3584B): pages=1 pure=100.0% faulted=0(0.0%) faults=0 hotfrac=0.0%
[cohort]   sc=27 (4096B): pages=1 pure=100.0% faulted=0(0.0%) faults=0 hotfrac=0.0%
[cohort]   sc=28 (5120B): pages=102156 pure=100.0% faulted=2097(2.1%) faults=2117 hotfrac=6.2%
[cohort]   sc=32 (10240B): pages=2 pure=100.0% faulted=0(0.0%) faults=0 hotfrac=0.0%
[cohort]   sc=33 (12288B): pages=1 pure=100.0% faulted=0(0.0%) faults=0 hotfrac=0.0%
[cohort]   sc=34 (14336B): pages=1 pure=100.0% faulted=0(0.0%) faults=0 hotfrac=0.0%
[cohort]   sc=35 (16384B): pages=1 pure=100.0% faulted=1(100.0%) faults=1 hotfrac=6.2%
[cohort]   sc=36 (large): pages=1234 pure=100.0% faulted=92(7.5%) faults=101 hotfrac=6.5%
  t=15s: RSS=398.5 MB  ops=83223
[cohort] stamped=105007 mixed_tid=0(0.0%)  ROUTING-PURITY: pure(1-site)=105007(100.0%) n_ra{1=105007 2=0 3=0 4=0 >4=0}  compressed_pages=85884 pure=100.0%
[cohort] HOT/COLD-MIX: faulted_pages=2226(2.1% of live) hotfrac{<20%=2226 20-40=0 40-60=0 60-80=0 >=80=0}
[cohort]   sc=0 (16B): pages=3 pure=100.0% faulted=1(33.3%) faults=1 hotfrac=6.2%
[cohort]   sc=1 (32B): pages=1 pure=100.0% faulted=1(100.0%) faults=1 hotfrac=6.2%
[cohort]   sc=2 (48B): pages=2 pure=100.0% faulted=1(50.0%) faults=1 hotfrac=6.2%
[cohort]   sc=3 (64B): pages=2 pure=100.0% faulted=0(0.0%) faults=0 hotfrac=0.0%
[cohort]   sc=4 (80B): pages=2 pure=100.0% faulted=1(50.0%) faults=1 hotfrac=6.2%
[cohort]   sc=5 (96B): pages=2 pure=100.0% faulted=0(0.0%) faults=0 hotfrac=0.0%
[cohort]   sc=6 (112B): pages=2 pure=100.0% faulted=1(50.0%) faults=1 hotfrac=6.2%
[cohort]   sc=7 (128B): pages=1 pure=100.0% faulted=1(100.0%) faults=2 hotfrac=6.2%
[cohort]   sc=8 (160B): pages=1 pure=100.0% faulted=1(100.0%) faults=1 hotfrac=6.2%
[cohort]   sc=9 (192B): pages=1 pure=100.0% faulted=1(100.0%) faults=1 hotfrac=6.2%
[cohort]   sc=10 (224B): pages=1 pure=100.0% faulted=0(0.0%) faults=0 hotfrac=0.0%
[cohort]   sc=11 (256B): pages=1 pure=100.0% faulted=0(0.0%) faults=0 hotfrac=0.0%
[cohort]   sc=12 (320B): pages=3 pure=100.0% faulted=2(66.7%) faults=3 hotfrac=6.2%
[cohort]   sc=13 (384B): pages=1 pure=100.0% faulted=0(0.0%) faults=0 hotfrac=0.0%
[cohort]   sc=15 (512B): pages=2 pure=100.0% faulted=1(50.0%) faults=1 hotfrac=6.2%
[cohort]   sc=16 (640B): pages=1 pure=100.0% faulted=1(100.0%) faults=1 hotfrac=6.2%
[cohort]   sc=18 (896B): pages=1 pure=100.0% faulted=1(100.0%) faults=1 hotfrac=6.2%
[cohort]   sc=19 (1024B): pages=3 pure=100.0% faulted=0(0.0%) faults=0 hotfrac=0.0%
[cohort]   sc=20 (1280B): pages=1 pure=100.0% faulted=0(0.0%) faults=0 hotfrac=0.0%
[cohort]   sc=24 (2560B): pages=1 pure=100.0% faulted=0(0.0%) faults=0 hotfrac=0.0%
[cohort]   sc=26 (3584B): pages=1 pure=100.0% faulted=0(0.0%) faults=0 hotfrac=0.0%
[cohort]   sc=27 (4096B): pages=1 pure=100.0% faulted=0(0.0%) faults=0 hotfrac=0.0%
[cohort]   sc=28 (5120B): pages=103734 pure=100.0% faulted=2106(2.0%) faults=2126 hotfrac=6.2%
[cohort]   sc=32 (10240B): pages=2 pure=100.0% faulted=0(0.0%) faults=0 hotfrac=0.0%
[cohort]   sc=33 (12288B): pages=1 pure=100.0% faulted=0(0.0%) faults=0 hotfrac=0.0%
[cohort]   sc=34 (14336B): pages=1 pure=100.0% faulted=0(0.0%) faults=0 hotfrac=0.0%
[cohort]   sc=35 (16384B): pages=1 pure=100.0% faulted=1(100.0%) faults=1 hotfrac=6.2%
[cohort]   sc=36 (large): pages=1234 pure=100.0% faulted=106(8.6%) faults=115 hotfrac=6.4%
  t=16s: RSS=399.6 MB  ops=83277
[cohort] stamped=106573 mixed_tid=0(0.0%)  ROUTING-PURITY: pure(1-site)=106573(100.0%) n_ra{1=106573 2=0 3=0 4=0 >4=0}  compressed_pages=87333 pure=100.0%
[cohort] HOT/COLD-MIX: faulted_pages=2240(2.1% of live) hotfrac{<20%=2240 20-40=0 40-60=0 60-80=0 >=80=0}
[cohort]   sc=0 (16B): pages=3 pure=100.0% faulted=1(33.3%) faults=1 hotfrac=6.2%
[cohort]   sc=1 (32B): pages=1 pure=100.0% faulted=1(100.0%) faults=1 hotfrac=6.2%
[cohort]   sc=2 (48B): pages=2 pure=100.0% faulted=1(50.0%) faults=1 hotfrac=6.2%
[cohort]   sc=3 (64B): pages=2 pure=100.0% faulted=0(0.0%) faults=0 hotfrac=0.0%
[cohort]   sc=4 (80B): pages=2 pure=100.0% faulted=1(50.0%) faults=1 hotfrac=6.2%
[cohort]   sc=5 (96B): pages=2 pure=100.0% faulted=0(0.0%) faults=0 hotfrac=0.0%
[cohort]   sc=6 (112B): pages=2 pure=100.0% faulted=1(50.0%) faults=1 hotfrac=6.2%
[cohort]   sc=7 (128B): pages=1 pure=100.0% faulted=1(100.0%) faults=2 hotfrac=6.2%
[cohort]   sc=8 (160B): pages=1 pure=100.0% faulted=1(100.0%) faults=1 hotfrac=6.2%
[cohort]   sc=9 (192B): pages=1 pure=100.0% faulted=1(100.0%) faults=1 hotfrac=6.2%
[cohort]   sc=10 (224B): pages=1 pure=100.0% faulted=0(0.0%) faults=0 hotfrac=0.0%
[cohort]   sc=11 (256B): pages=1 pure=100.0% faulted=0(0.0%) faults=0 hotfrac=0.0%
[cohort]   sc=12 (320B): pages=3 pure=100.0% faulted=2(66.7%) faults=3 hotfrac=6.2%
[cohort]   sc=13 (384B): pages=1 pure=100.0% faulted=0(0.0%) faults=0 hotfrac=0.0%
[cohort]   sc=15 (512B): pages=2 pure=100.0% faulted=1(50.0%) faults=1 hotfrac=6.2%
[cohort]   sc=16 (640B): pages=1 pure=100.0% faulted=1(100.0%) faults=1 hotfrac=6.2%
[cohort]   sc=18 (896B): pages=1 pure=100.0% faulted=1(100.0%) faults=1 hotfrac=6.2%
[cohort]   sc=19 (1024B): pages=3 pure=100.0% faulted=0(0.0%) faults=0 hotfrac=0.0%
[cohort]   sc=20 (1280B): pages=1 pure=100.0% faulted=0(0.0%) faults=0 hotfrac=0.0%
[cohort]   sc=24 (2560B): pages=1 pure=100.0% faulted=0(0.0%) faults=0 hotfrac=0.0%
[cohort]   sc=26 (3584B): pages=1 pure=100.0% faulted=0(0.0%) faults=0 hotfrac=0.0%
[cohort]   sc=27 (4096B): pages=1 pure=100.0% faulted=0(0.0%) faults=0 hotfrac=0.0%
[cohort]   sc=28 (5120B): pages=105300 pure=100.0% faulted=2106(2.0%) faults=2126 hotfrac=6.2%
[cohort]   sc=32 (10240B): pages=2 pure=100.0% faulted=0(0.0%) faults=0 hotfrac=0.0%
[cohort]   sc=33 (12288B): pages=1 pure=100.0% faulted=0(0.0%) faults=0 hotfrac=0.0%
[cohort]   sc=34 (14336B): pages=1 pure=100.0% faulted=0(0.0%) faults=0 hotfrac=0.0%
[cohort]   sc=35 (16384B): pages=1 pure=100.0% faulted=1(100.0%) faults=1 hotfrac=6.2%
[cohort]   sc=36 (large): pages=1234 pure=100.0% faulted=120(9.7%) faults=129 hotfrac=6.4%
  t=17s: RSS=401.2 MB  ops=83298
[cohort] stamped=108181 mixed_tid=0(0.0%)  ROUTING-PURITY: pure(1-site)=108181(100.0%) n_ra{1=108181 2=0 3=0 4=0 >4=0}  compressed_pages=88802 pure=100.0%
[cohort] HOT/COLD-MIX: faulted_pages=2256(2.1% of live) hotfrac{<20%=2256 20-40=0 40-60=0 60-80=0 >=80=0}
[cohort]   sc=0 (16B): pages=3 pure=100.0% faulted=1(33.3%) faults=1 hotfrac=6.2%
[cohort]   sc=1 (32B): pages=1 pure=100.0% faulted=1(100.0%) faults=1 hotfrac=6.2%
[cohort]   sc=2 (48B): pages=2 pure=100.0% faulted=1(50.0%) faults=1 hotfrac=6.2%
[cohort]   sc=3 (64B): pages=2 pure=100.0% faulted=0(0.0%) faults=0 hotfrac=0.0%
[cohort]   sc=4 (80B): pages=2 pure=100.0% faulted=1(50.0%) faults=1 hotfrac=6.2%
[cohort]   sc=5 (96B): pages=2 pure=100.0% faulted=0(0.0%) faults=0 hotfrac=0.0%
[cohort]   sc=6 (112B): pages=2 pure=100.0% faulted=1(50.0%) faults=1 hotfrac=6.2%
[cohort]   sc=7 (128B): pages=1 pure=100.0% faulted=1(100.0%) faults=2 hotfrac=6.2%
[cohort]   sc=8 (160B): pages=1 pure=100.0% faulted=1(100.0%) faults=1 hotfrac=6.2%
[cohort]   sc=9 (192B): pages=1 pure=100.0% faulted=1(100.0%) faults=1 hotfrac=6.2%
[cohort]   sc=10 (224B): pages=1 pure=100.0% faulted=0(0.0%) faults=0 hotfrac=0.0%
[cohort]   sc=11 (256B): pages=1 pure=100.0% faulted=0(0.0%) faults=0 hotfrac=0.0%
[cohort]   sc=12 (320B): pages=3 pure=100.0% faulted=2(66.7%) faults=3 hotfrac=6.2%
[cohort]   sc=13 (384B): pages=1 pure=100.0% faulted=0(0.0%) faults=0 hotfrac=0.0%
[cohort]   sc=15 (512B): pages=2 pure=100.0% faulted=1(50.0%) faults=1 hotfrac=6.2%
[cohort]   sc=16 (640B): pages=1 pure=100.0% faulted=1(100.0%) faults=1 hotfrac=6.2%
[cohort]   sc=18 (896B): pages=1 pure=100.0% faulted=1(100.0%) faults=1 hotfrac=6.2%
[cohort]   sc=19 (1024B): pages=3 pure=100.0% faulted=0(0.0%) faults=0 hotfrac=0.0%
[cohort]   sc=20 (1280B): pages=1 pure=100.0% faulted=0(0.0%) faults=0 hotfrac=0.0%
[cohort]   sc=24 (2560B): pages=1 pure=100.0% faulted=0(0.0%) faults=0 hotfrac=0.0%
[cohort]   sc=26 (3584B): pages=1 pure=100.0% faulted=0(0.0%) faults=0 hotfrac=0.0%
[cohort]   sc=27 (4096B): pages=1 pure=100.0% faulted=0(0.0%) faults=0 hotfrac=0.0%
[cohort]   sc=28 (5120B): pages=106908 pure=100.0% faulted=2106(2.0%) faults=2126 hotfrac=6.2%
[cohort]   sc=32 (10240B): pages=2 pure=100.0% faulted=0(0.0%) faults=0 hotfrac=0.0%
[cohort]   sc=33 (12288B): pages=1 pure=100.0% faulted=0(0.0%) faults=0 hotfrac=0.0%
[cohort]   sc=34 (14336B): pages=1 pure=100.0% faulted=0(0.0%) faults=0 hotfrac=0.0%
[cohort]   sc=35 (16384B): pages=1 pure=100.0% faulted=1(100.0%) faults=1 hotfrac=6.2%
[cohort]   sc=36 (large): pages=1234 pure=100.0% faulted=136(11.0%) faults=145 hotfrac=6.4%
  t=18s: RSS=402.8 MB  ops=84375
[cohort] stamped=109753 mixed_tid=0(0.0%)  ROUTING-PURITY: pure(1-site)=109753(100.0%) n_ra{1=109753 2=0 3=0 4=0 >4=0}  compressed_pages=90260 pure=100.0%
[cohort] HOT/COLD-MIX: faulted_pages=2270(2.1% of live) hotfrac{<20%=2270 20-40=0 40-60=0 60-80=0 >=80=0}
[cohort]   sc=0 (16B): pages=3 pure=100.0% faulted=1(33.3%) faults=1 hotfrac=6.2%
[cohort]   sc=1 (32B): pages=1 pure=100.0% faulted=1(100.0%) faults=1 hotfrac=6.2%
[cohort]   sc=2 (48B): pages=2 pure=100.0% faulted=1(50.0%) faults=1 hotfrac=6.2%
[cohort]   sc=3 (64B): pages=2 pure=100.0% faulted=0(0.0%) faults=0 hotfrac=0.0%
[cohort]   sc=4 (80B): pages=2 pure=100.0% faulted=1(50.0%) faults=1 hotfrac=6.2%
[cohort]   sc=5 (96B): pages=2 pure=100.0% faulted=0(0.0%) faults=0 hotfrac=0.0%
[cohort]   sc=6 (112B): pages=2 pure=100.0% faulted=1(50.0%) faults=1 hotfrac=6.2%
[cohort]   sc=7 (128B): pages=1 pure=100.0% faulted=1(100.0%) faults=2 hotfrac=6.2%
[cohort]   sc=8 (160B): pages=1 pure=100.0% faulted=1(100.0%) faults=1 hotfrac=6.2%
[cohort]   sc=9 (192B): pages=1 pure=100.0% faulted=1(100.0%) faults=1 hotfrac=6.2%
[cohort]   sc=10 (224B): pages=1 pure=100.0% faulted=0(0.0%) faults=0 hotfrac=0.0%
[cohort]   sc=11 (256B): pages=1 pure=100.0% faulted=0(0.0%) faults=0 hotfrac=0.0%
[cohort]   sc=12 (320B): pages=3 pure=100.0% faulted=2(66.7%) faults=3 hotfrac=6.2%
[cohort]   sc=13 (384B): pages=1 pure=100.0% faulted=0(0.0%) faults=0 hotfrac=0.0%
[cohort]   sc=15 (512B): pages=2 pure=100.0% faulted=1(50.0%) faults=1 hotfrac=6.2%
[cohort]   sc=16 (640B): pages=1 pure=100.0% faulted=1(100.0%) faults=1 hotfrac=6.2%
[cohort]   sc=18 (896B): pages=1 pure=100.0% faulted=1(100.0%) faults=1 hotfrac=6.2%
[cohort]   sc=19 (1024B): pages=3 pure=100.0% faulted=0(0.0%) faults=0 hotfrac=0.0%
[cohort]   sc=20 (1280B): pages=1 pure=100.0% faulted=0(0.0%) faults=0 hotfrac=0.0%
[cohort]   sc=24 (2560B): pages=1 pure=100.0% faulted=0(0.0%) faults=0 hotfrac=0.0%
[cohort]   sc=26 (3584B): pages=1 pure=100.0% faulted=0(0.0%) faults=0 hotfrac=0.0%
[cohort]   sc=27 (4096B): pages=1 pure=100.0% faulted=0(0.0%) faults=0 hotfrac=0.0%
[cohort]   sc=28 (5120B): pages=108480 pure=100.0% faulted=2106(1.9%) faults=2126 hotfrac=6.2%
[cohort]   sc=32 (10240B): pages=2 pure=100.0% faulted=0(0.0%) faults=0 hotfrac=0.0%
[cohort]   sc=33 (12288B): pages=1 pure=100.0% faulted=0(0.0%) faults=0 hotfrac=0.0%
[cohort]   sc=34 (14336B): pages=1 pure=100.0% faulted=0(0.0%) faults=0 hotfrac=0.0%
[cohort]   sc=35 (16384B): pages=1 pure=100.0% faulted=1(100.0%) faults=1 hotfrac=6.2%
[cohort]   sc=36 (large): pages=1234 pure=100.0% faulted=150(12.2%) faults=159 hotfrac=6.4%
  t=19s: RSS=404.3 MB  ops=83518
[cohort] stamped=111325 mixed_tid=0(0.0%)  ROUTING-PURITY: pure(1-site)=111325(100.0%) n_ra{1=111325 2=0 3=0 4=0 >4=0}  compressed_pages=91761 pure=100.0%
[cohort] HOT/COLD-MIX: faulted_pages=2285(2.1% of live) hotfrac{<20%=2285 20-40=0 40-60=0 60-80=0 >=80=0}
[cohort]   sc=0 (16B): pages=3 pure=100.0% faulted=1(33.3%) faults=1 hotfrac=6.2%
[cohort]   sc=1 (32B): pages=1 pure=100.0% faulted=1(100.0%) faults=1 hotfrac=6.2%
[cohort]   sc=2 (48B): pages=2 pure=100.0% faulted=1(50.0%) faults=1 hotfrac=6.2%
[cohort]   sc=3 (64B): pages=2 pure=100.0% faulted=0(0.0%) faults=0 hotfrac=0.0%
[cohort]   sc=4 (80B): pages=2 pure=100.0% faulted=1(50.0%) faults=1 hotfrac=6.2%
[cohort]   sc=5 (96B): pages=2 pure=100.0% faulted=0(0.0%) faults=0 hotfrac=0.0%
[cohort]   sc=6 (112B): pages=2 pure=100.0% faulted=1(50.0%) faults=1 hotfrac=6.2%
[cohort]   sc=7 (128B): pages=1 pure=100.0% faulted=1(100.0%) faults=2 hotfrac=6.2%
[cohort]   sc=8 (160B): pages=1 pure=100.0% faulted=1(100.0%) faults=1 hotfrac=6.2%
[cohort]   sc=9 (192B): pages=1 pure=100.0% faulted=1(100.0%) faults=1 hotfrac=6.2%
[cohort]   sc=10 (224B): pages=1 pure=100.0% faulted=0(0.0%) faults=0 hotfrac=0.0%
[cohort]   sc=11 (256B): pages=1 pure=100.0% faulted=0(0.0%) faults=0 hotfrac=0.0%
[cohort]   sc=12 (320B): pages=3 pure=100.0% faulted=2(66.7%) faults=3 hotfrac=6.2%
[cohort]   sc=13 (384B): pages=1 pure=100.0% faulted=0(0.0%) faults=0 hotfrac=0.0%
[cohort]   sc=15 (512B): pages=2 pure=100.0% faulted=1(50.0%) faults=1 hotfrac=6.2%
[cohort]   sc=16 (640B): pages=1 pure=100.0% faulted=1(100.0%) faults=1 hotfrac=6.2%
[cohort]   sc=18 (896B): pages=1 pure=100.0% faulted=1(100.0%) faults=1 hotfrac=6.2%
[cohort]   sc=19 (1024B): pages=3 pure=100.0% faulted=0(0.0%) faults=0 hotfrac=0.0%
[cohort]   sc=20 (1280B): pages=1 pure=100.0% faulted=0(0.0%) faults=0 hotfrac=0.0%
[cohort]   sc=24 (2560B): pages=1 pure=100.0% faulted=0(0.0%) faults=0 hotfrac=0.0%
[cohort]   sc=26 (3584B): pages=1 pure=100.0% faulted=0(0.0%) faults=0 hotfrac=0.0%
[cohort]   sc=27 (4096B): pages=1 pure=100.0% faulted=0(0.0%) faults=0 hotfrac=0.0%
[cohort]   sc=28 (5120B): pages=110052 pure=100.0% faulted=2106(1.9%) faults=2126 hotfrac=6.2%
[cohort]   sc=32 (10240B): pages=2 pure=100.0% faulted=0(0.0%) faults=0 hotfrac=0.0%
[cohort]   sc=33 (12288B): pages=1 pure=100.0% faulted=0(0.0%) faults=0 hotfrac=0.0%
[cohort]   sc=34 (14336B): pages=1 pure=100.0% faulted=0(0.0%) faults=0 hotfrac=0.0%
[cohort]   sc=35 (16384B): pages=1 pure=100.0% faulted=1(100.0%) faults=1 hotfrac=6.2%
[cohort]   sc=36 (large): pages=1234 pure=100.0% faulted=165(13.4%) faults=174 hotfrac=6.4%
  t=20s: RSS=405.6 MB  ops=83287
[cohort] stamped=112897 mixed_tid=0(0.0%)  ROUTING-PURITY: pure(1-site)=112897(100.0%) n_ra{1=112897 2=0 3=0 4=0 >4=0}  compressed_pages=93210 pure=100.0%
[cohort] HOT/COLD-MIX: faulted_pages=2299(2.0% of live) hotfrac{<20%=2299 20-40=0 40-60=0 60-80=0 >=80=0}
[cohort]   sc=0 (16B): pages=3 pure=100.0% faulted=1(33.3%) faults=1 hotfrac=6.2%
[cohort]   sc=1 (32B): pages=1 pure=100.0% faulted=1(100.0%) faults=1 hotfrac=6.2%
[cohort]   sc=2 (48B): pages=2 pure=100.0% faulted=1(50.0%) faults=1 hotfrac=6.2%
[cohort]   sc=3 (64B): pages=2 pure=100.0% faulted=0(0.0%) faults=0 hotfrac=0.0%
[cohort]   sc=4 (80B): pages=2 pure=100.0% faulted=1(50.0%) faults=1 hotfrac=6.2%
[cohort]   sc=5 (96B): pages=2 pure=100.0% faulted=0(0.0%) faults=0 hotfrac=0.0%
[cohort]   sc=6 (112B): pages=2 pure=100.0% faulted=1(50.0%) faults=1 hotfrac=6.2%
[cohort]   sc=7 (128B): pages=1 pure=100.0% faulted=1(100.0%) faults=2 hotfrac=6.2%
[cohort]   sc=8 (160B): pages=1 pure=100.0% faulted=1(100.0%) faults=1 hotfrac=6.2%
[cohort]   sc=9 (192B): pages=1 pure=100.0% faulted=1(100.0%) faults=1 hotfrac=6.2%
[cohort]   sc=10 (224B): pages=1 pure=100.0% faulted=0(0.0%) faults=0 hotfrac=0.0%
[cohort]   sc=11 (256B): pages=1 pure=100.0% faulted=0(0.0%) faults=0 hotfrac=0.0%
[cohort]   sc=12 (320B): pages=3 pure=100.0% faulted=2(66.7%) faults=3 hotfrac=6.2%
[cohort]   sc=13 (384B): pages=1 pure=100.0% faulted=0(0.0%) faults=0 hotfrac=0.0%
[cohort]   sc=15 (512B): pages=2 pure=100.0% faulted=1(50.0%) faults=1 hotfrac=6.2%
[cohort]   sc=16 (640B): pages=1 pure=100.0% faulted=1(100.0%) faults=1 hotfrac=6.2%
[cohort]   sc=18 (896B): pages=1 pure=100.0% faulted=1(100.0%) faults=1 hotfrac=6.2%
[cohort]   sc=19 (1024B): pages=3 pure=100.0% faulted=0(0.0%) faults=0 hotfrac=0.0%
[cohort]   sc=20 (1280B): pages=1 pure=100.0% faulted=0(0.0%) faults=0 hotfrac=0.0%
[cohort]   sc=24 (2560B): pages=1 pure=100.0% faulted=0(0.0%) faults=0 hotfrac=0.0%
[cohort]   sc=26 (3584B): pages=1 pure=100.0% faulted=0(0.0%) faults=0 hotfrac=0.0%
[cohort]   sc=27 (4096B): pages=1 pure=100.0% faulted=0(0.0%) faults=0 hotfrac=0.0%
[cohort]   sc=28 (5120B): pages=111624 pure=100.0% faulted=2106(1.9%) faults=2126 hotfrac=6.2%
[cohort]   sc=32 (10240B): pages=2 pure=100.0% faulted=0(0.0%) faults=0 hotfrac=0.0%
[cohort]   sc=33 (12288B): pages=1 pure=100.0% faulted=0(0.0%) faults=0 hotfrac=0.0%
[cohort]   sc=34 (14336B): pages=1 pure=100.0% faulted=0(0.0%) faults=0 hotfrac=0.0%
[cohort]   sc=35 (16384B): pages=1 pure=100.0% faulted=1(100.0%) faults=1 hotfrac=6.2%
[cohort]   sc=36 (large): pages=1234 pure=100.0% faulted=179(14.5%) faults=189 hotfrac=6.4%
  t=21s: RSS=407.2 MB  ops=82932
  t=22s: RSS=409.2 MB  ops=84919
[cohort] stamped=114439 mixed_tid=0(0.0%)  ROUTING-PURITY: pure(1-site)=114439(100.0%) n_ra{1=114439 2=0 3=0 4=0 >4=0}  compressed_pages=94758 pure=100.0%
[cohort] HOT/COLD-MIX: faulted_pages=2314(2.0% of live) hotfrac{<20%=2314 20-40=0 40-60=0 60-80=0 >=80=0}
[cohort]   sc=0 (16B): pages=3 pure=100.0% faulted=1(33.3%) faults=1 hotfrac=6.2%
[cohort]   sc=1 (32B): pages=1 pure=100.0% faulted=1(100.0%) faults=1 hotfrac=6.2%
[cohort]   sc=2 (48B): pages=2 pure=100.0% faulted=1(50.0%) faults=1 hotfrac=6.2%
[cohort]   sc=3 (64B): pages=2 pure=100.0% faulted=0(0.0%) faults=0 hotfrac=0.0%
[cohort]   sc=4 (80B): pages=2 pure=100.0% faulted=1(50.0%) faults=1 hotfrac=6.2%
[cohort]   sc=5 (96B): pages=2 pure=100.0% faulted=0(0.0%) faults=0 hotfrac=0.0%
[cohort]   sc=6 (112B): pages=2 pure=100.0% faulted=1(50.0%) faults=1 hotfrac=6.2%
[cohort]   sc=7 (128B): pages=1 pure=100.0% faulted=1(100.0%) faults=2 hotfrac=6.2%
[cohort]   sc=8 (160B): pages=1 pure=100.0% faulted=1(100.0%) faults=1 hotfrac=6.2%
[cohort]   sc=9 (192B): pages=1 pure=100.0% faulted=1(100.0%) faults=1 hotfrac=6.2%
[cohort]   sc=10 (224B): pages=1 pure=100.0% faulted=0(0.0%) faults=0 hotfrac=0.0%
[cohort]   sc=11 (256B): pages=1 pure=100.0% faulted=0(0.0%) faults=0 hotfrac=0.0%
[cohort]   sc=12 (320B): pages=3 pure=100.0% faulted=2(66.7%) faults=3 hotfrac=6.2%
[cohort]   sc=13 (384B): pages=1 pure=100.0% faulted=0(0.0%) faults=0 hotfrac=0.0%
[cohort]   sc=15 (512B): pages=2 pure=100.0% faulted=1(50.0%) faults=1 hotfrac=6.2%
[cohort]   sc=16 (640B): pages=1 pure=100.0% faulted=1(100.0%) faults=1 hotfrac=6.2%
[cohort]   sc=18 (896B): pages=1 pure=100.0% faulted=1(100.0%) faults=1 hotfrac=6.2%
[cohort]   sc=19 (1024B): pages=3 pure=100.0% faulted=0(0.0%) faults=0 hotfrac=0.0%
[cohort]   sc=20 (1280B): pages=1 pure=100.0% faulted=0(0.0%) faults=0 hotfrac=0.0%
[cohort]   sc=24 (2560B): pages=1 pure=100.0% faulted=0(0.0%) faults=0 hotfrac=0.0%
[cohort]   sc=26 (3584B): pages=1 pure=100.0% faulted=0(0.0%) faults=0 hotfrac=0.0%
[cohort]   sc=27 (4096B): pages=1 pure=100.0% faulted=0(0.0%) faults=0 hotfrac=0.0%
[cohort]   sc=28 (5120B): pages=113166 pure=100.0% faulted=2106(1.9%) faults=2126 hotfrac=6.2%
[cohort]   sc=32 (10240B): pages=2 pure=100.0% faulted=0(0.0%) faults=0 hotfrac=0.0%
[cohort]   sc=33 (12288B): pages=1 pure=100.0% faulted=0(0.0%) faults=0 hotfrac=0.0%
[cohort]   sc=34 (14336B): pages=1 pure=100.0% faulted=0(0.0%) faults=0 hotfrac=0.0%
[cohort]   sc=35 (16384B): pages=1 pure=100.0% faulted=1(100.0%) faults=1 hotfrac=6.2%
[cohort]   sc=36 (large): pages=1234 pure=100.0% faulted=194(15.7%) faults=204 hotfrac=6.3%
  t=23s: RSS=417.1 MB  ops=85790
[cohort] stamped=116059 mixed_tid=0(0.0%)  ROUTING-PURITY: pure(1-site)=116059(100.0%) n_ra{1=116059 2=0 3=0 4=0 >4=0}  compressed_pages=96218 pure=100.0%
[cohort] HOT/COLD-MIX: faulted_pages=2329(2.0% of live) hotfrac{<20%=2329 20-40=0 40-60=0 60-80=0 >=80=0}
[cohort]   sc=0 (16B): pages=3 pure=100.0% faulted=1(33.3%) faults=1 hotfrac=6.2%
[cohort]   sc=1 (32B): pages=1 pure=100.0% faulted=1(100.0%) faults=1 hotfrac=6.2%
[cohort]   sc=2 (48B): pages=2 pure=100.0% faulted=1(50.0%) faults=1 hotfrac=6.2%
[cohort]   sc=3 (64B): pages=2 pure=100.0% faulted=0(0.0%) faults=0 hotfrac=0.0%
[cohort]   sc=4 (80B): pages=2 pure=100.0% faulted=1(50.0%) faults=1 hotfrac=6.2%
[cohort]   sc=5 (96B): pages=2 pure=100.0% faulted=0(0.0%) faults=0 hotfrac=0.0%
[cohort]   sc=6 (112B): pages=2 pure=100.0% faulted=1(50.0%) faults=1 hotfrac=6.2%
[cohort]   sc=7 (128B): pages=1 pure=100.0% faulted=1(100.0%) faults=2 hotfrac=6.2%
[cohort]   sc=8 (160B): pages=1 pure=100.0% faulted=1(100.0%) faults=1 hotfrac=6.2%
[cohort]   sc=9 (192B): pages=1 pure=100.0% faulted=1(100.0%) faults=1 hotfrac=6.2%
[cohort]   sc=10 (224B): pages=1 pure=100.0% faulted=0(0.0%) faults=0 hotfrac=0.0%
[cohort]   sc=11 (256B): pages=1 pure=100.0% faulted=0(0.0%) faults=0 hotfrac=0.0%
[cohort]   sc=12 (320B): pages=3 pure=100.0% faulted=2(66.7%) faults=3 hotfrac=6.2%
[cohort]   sc=13 (384B): pages=1 pure=100.0% faulted=0(0.0%) faults=0 hotfrac=0.0%
[cohort]   sc=15 (512B): pages=2 pure=100.0% faulted=1(50.0%) faults=1 hotfrac=6.2%
[cohort]   sc=16 (640B): pages=1 pure=100.0% faulted=1(100.0%) faults=1 hotfrac=6.2%
[cohort]   sc=18 (896B): pages=1 pure=100.0% faulted=1(100.0%) faults=1 hotfrac=6.2%
[cohort]   sc=19 (1024B): pages=3 pure=100.0% faulted=0(0.0%) faults=0 hotfrac=0.0%
[cohort]   sc=20 (1280B): pages=1 pure=100.0% faulted=0(0.0%) faults=0 hotfrac=0.0%
[cohort]   sc=24 (2560B): pages=1 pure=100.0% faulted=0(0.0%) faults=0 hotfrac=0.0%
[cohort]   sc=26 (3584B): pages=1 pure=100.0% faulted=0(0.0%) faults=0 hotfrac=0.0%
[cohort]   sc=27 (4096B): pages=1 pure=100.0% faulted=0(0.0%) faults=0 hotfrac=0.0%
[cohort]   sc=28 (5120B): pages=114786 pure=100.0% faulted=2106(1.8%) faults=2126 hotfrac=6.2%
[cohort]   sc=32 (10240B): pages=2 pure=100.0% faulted=0(0.0%) faults=0 hotfrac=0.0%
[cohort]   sc=33 (12288B): pages=1 pure=100.0% faulted=0(0.0%) faults=0 hotfrac=0.0%
[cohort]   sc=34 (14336B): pages=1 pure=100.0% faulted=0(0.0%) faults=0 hotfrac=0.0%
[cohort]   sc=35 (16384B): pages=1 pure=100.0% faulted=1(100.0%) faults=1 hotfrac=6.2%
[cohort]   sc=36 (large): pages=1234 pure=100.0% faulted=209(16.9%) faults=219 hotfrac=6.3%
  t=24s: RSS=418.5 MB  ops=82887
[cohort] stamped=117601 mixed_tid=0(0.0%)  ROUTING-PURITY: pure(1-site)=117601(100.0%) n_ra{1=117601 2=0 3=0 4=0 >4=0}  compressed_pages=97784 pure=100.0%
[cohort] HOT/COLD-MIX: faulted_pages=2343(2.0% of live) hotfrac{<20%=2343 20-40=0 40-60=0 60-80=0 >=80=0}
[cohort]   sc=0 (16B): pages=3 pure=100.0% faulted=1(33.3%) faults=1 hotfrac=6.2%
[cohort]   sc=1 (32B): pages=1 pure=100.0% faulted=1(100.0%) faults=1 hotfrac=6.2%
[cohort]   sc=2 (48B): pages=2 pure=100.0% faulted=1(50.0%) faults=1 hotfrac=6.2%
[cohort]   sc=3 (64B): pages=2 pure=100.0% faulted=0(0.0%) faults=0 hotfrac=0.0%
[cohort]   sc=4 (80B): pages=2 pure=100.0% faulted=1(50.0%) faults=1 hotfrac=6.2%
[cohort]   sc=5 (96B): pages=2 pure=100.0% faulted=0(0.0%) faults=0 hotfrac=0.0%
[cohort]   sc=6 (112B): pages=2 pure=100.0% faulted=1(50.0%) faults=1 hotfrac=6.2%
[cohort]   sc=7 (128B): pages=1 pure=100.0% faulted=1(100.0%) faults=3 hotfrac=6.2%
[cohort]   sc=8 (160B): pages=1 pure=100.0% faulted=1(100.0%) faults=1 hotfrac=6.2%
[cohort]   sc=9 (192B): pages=1 pure=100.0% faulted=1(100.0%) faults=1 hotfrac=6.2%
[cohort]   sc=10 (224B): pages=1 pure=100.0% faulted=0(0.0%) faults=0 hotfrac=0.0%
[cohort]   sc=11 (256B): pages=1 pure=100.0% faulted=0(0.0%) faults=0 hotfrac=0.0%
[cohort]   sc=12 (320B): pages=3 pure=100.0% faulted=2(66.7%) faults=4 hotfrac=6.2%
[cohort]   sc=13 (384B): pages=1 pure=100.0% faulted=0(0.0%) faults=0 hotfrac=0.0%
[cohort]   sc=15 (512B): pages=2 pure=100.0% faulted=1(50.0%) faults=1 hotfrac=6.2%
[cohort]   sc=16 (640B): pages=1 pure=100.0% faulted=1(100.0%) faults=1 hotfrac=6.2%
[cohort]   sc=18 (896B): pages=1 pure=100.0% faulted=1(100.0%) faults=1 hotfrac=6.2%
[cohort]   sc=19 (1024B): pages=3 pure=100.0% faulted=0(0.0%) faults=0 hotfrac=0.0%
[cohort]   sc=20 (1280B): pages=1 pure=100.0% faulted=0(0.0%) faults=0 hotfrac=0.0%
[cohort]   sc=24 (2560B): pages=1 pure=100.0% faulted=0(0.0%) faults=0 hotfrac=0.0%
[cohort]   sc=26 (3584B): pages=1 pure=100.0% faulted=0(0.0%) faults=0 hotfrac=0.0%
[cohort]   sc=27 (4096B): pages=1 pure=100.0% faulted=0(0.0%) faults=0 hotfrac=0.0%
[cohort]   sc=28 (5120B): pages=116328 pure=100.0% faulted=2106(1.8%) faults=3453 hotfrac=6.2%
[cohort]   sc=32 (10240B): pages=2 pure=100.0% faulted=0(0.0%) faults=0 hotfrac=0.0%
[cohort]   sc=33 (12288B): pages=1 pure=100.0% faulted=0(0.0%) faults=0 hotfrac=0.0%
[cohort]   sc=34 (14336B): pages=1 pure=100.0% faulted=0(0.0%) faults=0 hotfrac=0.0%
[cohort]   sc=35 (16384B): pages=1 pure=100.0% faulted=1(100.0%) faults=1 hotfrac=6.2%
[cohort]   sc=36 (large): pages=1234 pure=100.0% faulted=223(18.1%) faults=242 hotfrac=6.4%
  t=25s: RSS=418.9 MB  ops=77692
[cohort] stamped=119149 mixed_tid=0(0.0%)  ROUTING-PURITY: pure(1-site)=119149(100.0%) n_ra{1=119149 2=0 3=0 4=0 >4=0}  compressed_pages=99352 pure=100.0%
[cohort] HOT/COLD-MIX: faulted_pages=2358(2.0% of live) hotfrac{<20%=2358 20-40=0 40-60=0 60-80=0 >=80=0}
[cohort]   sc=0 (16B): pages=3 pure=100.0% faulted=1(33.3%) faults=1 hotfrac=6.2%
[cohort]   sc=1 (32B): pages=1 pure=100.0% faulted=1(100.0%) faults=1 hotfrac=6.2%
[cohort]   sc=2 (48B): pages=2 pure=100.0% faulted=1(50.0%) faults=1 hotfrac=6.2%
[cohort]   sc=3 (64B): pages=2 pure=100.0% faulted=0(0.0%) faults=0 hotfrac=0.0%
[cohort]   sc=4 (80B): pages=2 pure=100.0% faulted=1(50.0%) faults=1 hotfrac=6.2%
[cohort]   sc=5 (96B): pages=2 pure=100.0% faulted=0(0.0%) faults=0 hotfrac=0.0%
[cohort]   sc=6 (112B): pages=2 pure=100.0% faulted=1(50.0%) faults=1 hotfrac=6.2%
[cohort]   sc=7 (128B): pages=1 pure=100.0% faulted=1(100.0%) faults=3 hotfrac=6.2%
[cohort]   sc=8 (160B): pages=1 pure=100.0% faulted=1(100.0%) faults=1 hotfrac=6.2%
[cohort]   sc=9 (192B): pages=1 pure=100.0% faulted=1(100.0%) faults=1 hotfrac=6.2%
[cohort]   sc=10 (224B): pages=1 pure=100.0% faulted=0(0.0%) faults=0 hotfrac=0.0%
[cohort]   sc=11 (256B): pages=1 pure=100.0% faulted=0(0.0%) faults=0 hotfrac=0.0%
[cohort]   sc=12 (320B): pages=3 pure=100.0% faulted=2(66.7%) faults=4 hotfrac=6.2%
[cohort]   sc=13 (384B): pages=1 pure=100.0% faulted=0(0.0%) faults=0 hotfrac=0.0%
[cohort]   sc=15 (512B): pages=2 pure=100.0% faulted=1(50.0%) faults=2 hotfrac=6.2%
[cohort]   sc=16 (640B): pages=1 pure=100.0% faulted=1(100.0%) faults=1 hotfrac=6.2%
[cohort]   sc=18 (896B): pages=1 pure=100.0% faulted=1(100.0%) faults=1 hotfrac=6.2%
[cohort]   sc=19 (1024B): pages=3 pure=100.0% faulted=0(0.0%) faults=0 hotfrac=0.0%
[cohort]   sc=20 (1280B): pages=1 pure=100.0% faulted=0(0.0%) faults=0 hotfrac=0.0%
[cohort]   sc=24 (2560B): pages=1 pure=100.0% faulted=0(0.0%) faults=0 hotfrac=0.0%
[cohort]   sc=26 (3584B): pages=1 pure=100.0% faulted=0(0.0%) faults=0 hotfrac=0.0%
[cohort]   sc=27 (4096B): pages=1 pure=100.0% faulted=0(0.0%) faults=0 hotfrac=0.0%
[cohort]   sc=28 (5120B): pages=117876 pure=100.0% faulted=2106(1.8%) faults=3508 hotfrac=6.2%
[cohort]   sc=32 (10240B): pages=2 pure=100.0% faulted=0(0.0%) faults=0 hotfrac=0.0%
[cohort]   sc=33 (12288B): pages=1 pure=100.0% faulted=0(0.0%) faults=0 hotfrac=0.0%
[cohort]   sc=34 (14336B): pages=1 pure=100.0% faulted=0(0.0%) faults=0 hotfrac=0.0%
[cohort]   sc=35 (16384B): pages=1 pure=100.0% faulted=1(100.0%) faults=1 hotfrac=6.2%
[cohort]   sc=36 (large): pages=1234 pure=100.0% faulted=238(19.3%) faults=257 hotfrac=6.4%
  t=26s: RSS=419.5 MB  ops=83323
[cohort] stamped=120703 mixed_tid=0(0.0%)  ROUTING-PURITY: pure(1-site)=120703(100.0%) n_ra{1=120703 2=0 3=0 4=0 >4=0}  compressed_pages=100917 pure=100.0%
[cohort] HOT/COLD-MIX: faulted_pages=2372(2.0% of live) hotfrac{<20%=2372 20-40=0 40-60=0 60-80=0 >=80=0}
[cohort]   sc=0 (16B): pages=3 pure=100.0% faulted=1(33.3%) faults=1 hotfrac=6.2%
[cohort]   sc=1 (32B): pages=1 pure=100.0% faulted=1(100.0%) faults=1 hotfrac=6.2%
[cohort]   sc=2 (48B): pages=2 pure=100.0% faulted=1(50.0%) faults=1 hotfrac=6.2%
[cohort]   sc=3 (64B): pages=2 pure=100.0% faulted=0(0.0%) faults=0 hotfrac=0.0%
[cohort]   sc=4 (80B): pages=2 pure=100.0% faulted=1(50.0%) faults=1 hotfrac=6.2%
[cohort]   sc=5 (96B): pages=2 pure=100.0% faulted=0(0.0%) faults=0 hotfrac=0.0%
[cohort]   sc=6 (112B): pages=2 pure=100.0% faulted=1(50.0%) faults=1 hotfrac=6.2%
[cohort]   sc=7 (128B): pages=1 pure=100.0% faulted=1(100.0%) faults=3 hotfrac=6.2%
[cohort]   sc=8 (160B): pages=1 pure=100.0% faulted=1(100.0%) faults=1 hotfrac=6.2%
[cohort]   sc=9 (192B): pages=1 pure=100.0% faulted=1(100.0%) faults=1 hotfrac=6.2%
[cohort]   sc=10 (224B): pages=1 pure=100.0% faulted=0(0.0%) faults=0 hotfrac=0.0%
[cohort]   sc=11 (256B): pages=1 pure=100.0% faulted=0(0.0%) faults=0 hotfrac=0.0%
[cohort]   sc=12 (320B): pages=3 pure=100.0% faulted=2(66.7%) faults=4 hotfrac=6.2%
[cohort]   sc=13 (384B): pages=1 pure=100.0% faulted=0(0.0%) faults=0 hotfrac=0.0%
[cohort]   sc=15 (512B): pages=2 pure=100.0% faulted=1(50.0%) faults=2 hotfrac=6.2%
[cohort]   sc=16 (640B): pages=1 pure=100.0% faulted=1(100.0%) faults=1 hotfrac=6.2%
[cohort]   sc=18 (896B): pages=1 pure=100.0% faulted=1(100.0%) faults=1 hotfrac=6.2%
[cohort]   sc=19 (1024B): pages=3 pure=100.0% faulted=0(0.0%) faults=0 hotfrac=0.0%
[cohort]   sc=20 (1280B): pages=1 pure=100.0% faulted=0(0.0%) faults=0 hotfrac=0.0%
[cohort]   sc=24 (2560B): pages=1 pure=100.0% faulted=0(0.0%) faults=0 hotfrac=0.0%
[cohort]   sc=26 (3584B): pages=1 pure=100.0% faulted=0(0.0%) faults=0 hotfrac=0.0%
[cohort]   sc=27 (4096B): pages=1 pure=100.0% faulted=0(0.0%) faults=0 hotfrac=0.0%
[cohort]   sc=28 (5120B): pages=119430 pure=100.0% faulted=2106(1.8%) faults=3517 hotfrac=6.2%
[cohort]   sc=32 (10240B): pages=2 pure=100.0% faulted=0(0.0%) faults=0 hotfrac=0.0%
[cohort]   sc=33 (12288B): pages=1 pure=100.0% faulted=0(0.0%) faults=0 hotfrac=0.0%
[cohort]   sc=34 (14336B): pages=1 pure=100.0% faulted=0(0.0%) faults=0 hotfrac=0.0%
[cohort]   sc=35 (16384B): pages=1 pure=100.0% faulted=1(100.0%) faults=1 hotfrac=6.2%
[cohort]   sc=36 (large): pages=1234 pure=100.0% faulted=252(20.4%) faults=271 hotfrac=6.4%
  t=27s: RSS=420.5 MB  ops=83910
[cohort] stamped=122293 mixed_tid=0(0.0%)  ROUTING-PURITY: pure(1-site)=122293(100.0%) n_ra{1=122293 2=0 3=0 4=0 >4=0}  compressed_pages=102485 pure=100.0%
[cohort] HOT/COLD-MIX: faulted_pages=2387(2.0% of live) hotfrac{<20%=2387 20-40=0 40-60=0 60-80=0 >=80=0}
[cohort]   sc=0 (16B): pages=3 pure=100.0% faulted=1(33.3%) faults=1 hotfrac=6.2%
[cohort]   sc=1 (32B): pages=1 pure=100.0% faulted=1(100.0%) faults=1 hotfrac=6.2%
[cohort]   sc=2 (48B): pages=2 pure=100.0% faulted=1(50.0%) faults=1 hotfrac=6.2%
[cohort]   sc=3 (64B): pages=2 pure=100.0% faulted=0(0.0%) faults=0 hotfrac=0.0%
[cohort]   sc=4 (80B): pages=2 pure=100.0% faulted=1(50.0%) faults=1 hotfrac=6.2%
[cohort]   sc=5 (96B): pages=2 pure=100.0% faulted=0(0.0%) faults=0 hotfrac=0.0%
[cohort]   sc=6 (112B): pages=2 pure=100.0% faulted=1(50.0%) faults=1 hotfrac=6.2%
[cohort]   sc=7 (128B): pages=1 pure=100.0% faulted=1(100.0%) faults=3 hotfrac=6.2%
[cohort]   sc=8 (160B): pages=1 pure=100.0% faulted=1(100.0%) faults=1 hotfrac=6.2%
[cohort]   sc=9 (192B): pages=1 pure=100.0% faulted=1(100.0%) faults=1 hotfrac=6.2%
[cohort]   sc=10 (224B): pages=1 pure=100.0% faulted=0(0.0%) faults=0 hotfrac=0.0%
[cohort]   sc=11 (256B): pages=1 pure=100.0% faulted=0(0.0%) faults=0 hotfrac=0.0%
[cohort]   sc=12 (320B): pages=3 pure=100.0% faulted=2(66.7%) faults=4 hotfrac=6.2%
[cohort]   sc=13 (384B): pages=1 pure=100.0% faulted=0(0.0%) faults=0 hotfrac=0.0%
[cohort]   sc=15 (512B): pages=2 pure=100.0% faulted=1(50.0%) faults=2 hotfrac=6.2%
[cohort]   sc=16 (640B): pages=1 pure=100.0% faulted=1(100.0%) faults=1 hotfrac=6.2%
[cohort]   sc=18 (896B): pages=1 pure=100.0% faulted=1(100.0%) faults=1 hotfrac=6.2%
[cohort]   sc=19 (1024B): pages=3 pure=100.0% faulted=0(0.0%) faults=0 hotfrac=0.0%
[cohort]   sc=20 (1280B): pages=1 pure=100.0% faulted=0(0.0%) faults=0 hotfrac=0.0%
[cohort]   sc=24 (2560B): pages=1 pure=100.0% faulted=0(0.0%) faults=0 hotfrac=0.0%
[cohort]   sc=26 (3584B): pages=1 pure=100.0% faulted=0(0.0%) faults=0 hotfrac=0.0%
[cohort]   sc=27 (4096B): pages=1 pure=100.0% faulted=0(0.0%) faults=0 hotfrac=0.0%
[cohort]   sc=28 (5120B): pages=121020 pure=100.0% faulted=2106(1.7%) faults=3517 hotfrac=6.2%
[cohort]   sc=32 (10240B): pages=2 pure=100.0% faulted=0(0.0%) faults=0 hotfrac=0.0%
[cohort]   sc=33 (12288B): pages=1 pure=100.0% faulted=0(0.0%) faults=0 hotfrac=0.0%
[cohort]   sc=34 (14336B): pages=1 pure=100.0% faulted=0(0.0%) faults=0 hotfrac=0.0%
[cohort]   sc=35 (16384B): pages=1 pure=100.0% faulted=1(100.0%) faults=1 hotfrac=6.2%
[cohort]   sc=36 (large): pages=1234 pure=100.0% faulted=267(21.6%) faults=286 hotfrac=6.4%
  t=28s: RSS=421.6 MB  ops=83803
[cohort] stamped=123859 mixed_tid=0(0.0%)  ROUTING-PURITY: pure(1-site)=123859(100.0%) n_ra{1=123859 2=0 3=0 4=0 >4=0}  compressed_pages=104100 pure=100.0%
[cohort] HOT/COLD-MIX: faulted_pages=2401(1.9% of live) hotfrac{<20%=2401 20-40=0 40-60=0 60-80=0 >=80=0}
[cohort]   sc=0 (16B): pages=3 pure=100.0% faulted=1(33.3%) faults=1 hotfrac=6.2%
[cohort]   sc=1 (32B): pages=1 pure=100.0% faulted=1(100.0%) faults=1 hotfrac=6.2%
[cohort]   sc=2 (48B): pages=2 pure=100.0% faulted=1(50.0%) faults=1 hotfrac=6.2%
[cohort]   sc=3 (64B): pages=2 pure=100.0% faulted=0(0.0%) faults=0 hotfrac=0.0%
[cohort]   sc=4 (80B): pages=2 pure=100.0% faulted=1(50.0%) faults=1 hotfrac=6.2%
[cohort]   sc=5 (96B): pages=2 pure=100.0% faulted=0(0.0%) faults=0 hotfrac=0.0%
[cohort]   sc=6 (112B): pages=2 pure=100.0% faulted=1(50.0%) faults=1 hotfrac=6.2%
[cohort]   sc=7 (128B): pages=1 pure=100.0% faulted=1(100.0%) faults=3 hotfrac=6.2%
[cohort]   sc=8 (160B): pages=1 pure=100.0% faulted=1(100.0%) faults=1 hotfrac=6.2%
[cohort]   sc=9 (192B): pages=1 pure=100.0% faulted=1(100.0%) faults=1 hotfrac=6.2%
[cohort]   sc=10 (224B): pages=1 pure=100.0% faulted=0(0.0%) faults=0 hotfrac=0.0%
[cohort]   sc=11 (256B): pages=1 pure=100.0% faulted=0(0.0%) faults=0 hotfrac=0.0%
[cohort]   sc=12 (320B): pages=3 pure=100.0% faulted=2(66.7%) faults=4 hotfrac=6.2%
[cohort]   sc=13 (384B): pages=1 pure=100.0% faulted=0(0.0%) faults=0 hotfrac=0.0%
[cohort]   sc=15 (512B): pages=2 pure=100.0% faulted=1(50.0%) faults=2 hotfrac=6.2%
[cohort]   sc=16 (640B): pages=1 pure=100.0% faulted=1(100.0%) faults=1 hotfrac=6.2%
[cohort]   sc=18 (896B): pages=1 pure=100.0% faulted=1(100.0%) faults=1 hotfrac=6.2%
[cohort]   sc=19 (1024B): pages=3 pure=100.0% faulted=0(0.0%) faults=0 hotfrac=0.0%
[cohort]   sc=20 (1280B): pages=1 pure=100.0% faulted=0(0.0%) faults=0 hotfrac=0.0%
[cohort]   sc=24 (2560B): pages=1 pure=100.0% faulted=0(0.0%) faults=0 hotfrac=0.0%
[cohort]   sc=26 (3584B): pages=1 pure=100.0% faulted=0(0.0%) faults=0 hotfrac=0.0%
[cohort]   sc=27 (4096B): pages=1 pure=100.0% faulted=0(0.0%) faults=0 hotfrac=0.0%
[cohort]   sc=28 (5120B): pages=122586 pure=100.0% faulted=2106(1.7%) faults=3517 hotfrac=6.2%
[cohort]   sc=32 (10240B): pages=2 pure=100.0% faulted=0(0.0%) faults=0 hotfrac=0.0%
[cohort]   sc=33 (12288B): pages=1 pure=100.0% faulted=0(0.0%) faults=0 hotfrac=0.0%
[cohort]   sc=34 (14336B): pages=1 pure=100.0% faulted=0(0.0%) faults=0 hotfrac=0.0%
[cohort]   sc=35 (16384B): pages=1 pure=100.0% faulted=1(100.0%) faults=1 hotfrac=6.2%
[cohort]   sc=36 (large): pages=1234 pure=100.0% faulted=281(22.8%) faults=300 hotfrac=6.4%
  t=29s: RSS=422.4 MB  ops=83631
[cohort] stamped=125467 mixed_tid=0(0.0%)  ROUTING-PURITY: pure(1-site)=125467(100.0%) n_ra{1=125467 2=0 3=0 4=0 >4=0}  compressed_pages=105671 pure=100.0%
[cohort] HOT/COLD-MIX: faulted_pages=2416(1.9% of live) hotfrac{<20%=2416 20-40=0 40-60=0 60-80=0 >=80=0}
[cohort]   sc=0 (16B): pages=3 pure=100.0% faulted=1(33.3%) faults=1 hotfrac=6.2%
[cohort]   sc=1 (32B): pages=1 pure=100.0% faulted=1(100.0%) faults=1 hotfrac=6.2%
[cohort]   sc=2 (48B): pages=2 pure=100.0% faulted=1(50.0%) faults=1 hotfrac=6.2%
[cohort]   sc=3 (64B): pages=2 pure=100.0% faulted=0(0.0%) faults=0 hotfrac=0.0%
[cohort]   sc=4 (80B): pages=2 pure=100.0% faulted=1(50.0%) faults=1 hotfrac=6.2%
[cohort]   sc=5 (96B): pages=2 pure=100.0% faulted=0(0.0%) faults=0 hotfrac=0.0%
[cohort]   sc=6 (112B): pages=2 pure=100.0% faulted=1(50.0%) faults=1 hotfrac=6.2%
[cohort]   sc=7 (128B): pages=1 pure=100.0% faulted=1(100.0%) faults=3 hotfrac=6.2%
[cohort]   sc=8 (160B): pages=1 pure=100.0% faulted=1(100.0%) faults=1 hotfrac=6.2%
[cohort]   sc=9 (192B): pages=1 pure=100.0% faulted=1(100.0%) faults=1 hotfrac=6.2%
[cohort]   sc=10 (224B): pages=1 pure=100.0% faulted=0(0.0%) faults=0 hotfrac=0.0%
[cohort]   sc=11 (256B): pages=1 pure=100.0% faulted=0(0.0%) faults=0 hotfrac=0.0%
[cohort]   sc=12 (320B): pages=3 pure=100.0% faulted=2(66.7%) faults=4 hotfrac=6.2%
[cohort]   sc=13 (384B): pages=1 pure=100.0% faulted=0(0.0%) faults=0 hotfrac=0.0%
[cohort]   sc=15 (512B): pages=2 pure=100.0% faulted=1(50.0%) faults=2 hotfrac=6.2%
[cohort]   sc=16 (640B): pages=1 pure=100.0% faulted=1(100.0%) faults=1 hotfrac=6.2%
[cohort]   sc=18 (896B): pages=1 pure=100.0% faulted=1(100.0%) faults=1 hotfrac=6.2%
[cohort]   sc=19 (1024B): pages=3 pure=100.0% faulted=0(0.0%) faults=0 hotfrac=0.0%
[cohort]   sc=20 (1280B): pages=1 pure=100.0% faulted=0(0.0%) faults=0 hotfrac=0.0%
[cohort]   sc=24 (2560B): pages=1 pure=100.0% faulted=0(0.0%) faults=0 hotfrac=0.0%
[cohort]   sc=26 (3584B): pages=1 pure=100.0% faulted=0(0.0%) faults=0 hotfrac=0.0%
[cohort]   sc=27 (4096B): pages=1 pure=100.0% faulted=0(0.0%) faults=0 hotfrac=0.0%
[cohort]   sc=28 (5120B): pages=124194 pure=100.0% faulted=2106(1.7%) faults=3517 hotfrac=6.2%
[cohort]   sc=32 (10240B): pages=2 pure=100.0% faulted=0(0.0%) faults=0 hotfrac=0.0%
[cohort]   sc=33 (12288B): pages=1 pure=100.0% faulted=0(0.0%) faults=0 hotfrac=0.0%
[cohort]   sc=34 (14336B): pages=1 pure=100.0% faulted=0(0.0%) faults=0 hotfrac=0.0%
[cohort]   sc=35 (16384B): pages=1 pure=100.0% faulted=1(100.0%) faults=1 hotfrac=6.2%
[cohort]   sc=36 (large): pages=1234 pure=100.0% faulted=296(24.0%) faults=315 hotfrac=6.4%
  t=30s: RSS=423.4 MB  ops=83956

Cold re-access: querying 25000 old rows (ids 0..249999)...
Cold query p50/p99: 17.4 / 106.2 us
Post re-access RSS: 599.9 MB

Results:
  Fill time: 2.41s
  Peak RSS: 620.7 MB
  Post-cooling RSS: 516.8 MB (16.7% reduction)
  Steady-state RSS: 423.4 MB
  Min serve RSS: 325.0 MB (47.6% reduction)
  Ops/sec: 81592
  Hot p50/p99: 0.77 / 73.13 us
  Cold p50/p99: 17.4 / 106.2 us
[cohort] stamped=125677 mixed_tid=0(0.0%)  ROUTING-PURITY: pure(1-site)=125677(100.0%) n_ra{1=125677 2=0 3=0 4=0 >4=0}  compressed_pages=107252 pure=100.0%
[cohort] HOT/COLD-MIX: faulted_pages=13767(11.0% of live) hotfrac{<20%=13767 20-40=0 40-60=0 60-80=0 >=80=0}
[cohort]   sc=0 (16B): pages=3 pure=100.0% faulted=1(33.3%) faults=2 hotfrac=6.2%
[cohort]   sc=1 (32B): pages=1 pure=100.0% faulted=1(100.0%) faults=2 hotfrac=6.2%
[cohort]   sc=2 (48B): pages=2 pure=100.0% faulted=1(50.0%) faults=2 hotfrac=6.2%
[cohort]   sc=3 (64B): pages=2 pure=100.0% faulted=0(0.0%) faults=0 hotfrac=0.0%
[cohort]   sc=4 (80B): pages=2 pure=100.0% faulted=1(50.0%) faults=1 hotfrac=6.2%
[cohort]   sc=5 (96B): pages=2 pure=100.0% faulted=0(0.0%) faults=0 hotfrac=0.0%
[cohort]   sc=6 (112B): pages=2 pure=100.0% faulted=1(50.0%) faults=2 hotfrac=6.2%
[cohort]   sc=7 (128B): pages=1 pure=100.0% faulted=1(100.0%) faults=3 hotfrac=6.2%
[cohort]   sc=8 (160B): pages=1 pure=100.0% faulted=1(100.0%) faults=1 hotfrac=6.2%
[cohort]   sc=9 (192B): pages=1 pure=100.0% faulted=1(100.0%) faults=1 hotfrac=6.2%
[cohort]   sc=10 (224B): pages=1 pure=100.0% faulted=0(0.0%) faults=0 hotfrac=0.0%
[cohort]   sc=11 (256B): pages=1 pure=100.0% faulted=0(0.0%) faults=0 hotfrac=0.0%
[cohort]   sc=12 (320B): pages=3 pure=100.0% faulted=2(66.7%) faults=4 hotfrac=6.2%
[cohort]   sc=13 (384B): pages=1 pure=100.0% faulted=0(0.0%) faults=0 hotfrac=0.0%
[cohort]   sc=15 (512B): pages=2 pure=100.0% faulted=1(50.0%) faults=2 hotfrac=6.2%
[cohort]   sc=16 (640B): pages=1 pure=100.0% faulted=1(100.0%) faults=1 hotfrac=6.2%
[cohort]   sc=18 (896B): pages=1 pure=100.0% faulted=1(100.0%) faults=1 hotfrac=6.2%
[cohort]   sc=19 (1024B): pages=3 pure=100.0% faulted=0(0.0%) faults=0 hotfrac=0.0%
[cohort]   sc=20 (1280B): pages=1 pure=100.0% faulted=0(0.0%) faults=0 hotfrac=0.0%
[cohort]   sc=24 (2560B): pages=1 pure=100.0% faulted=0(0.0%) faults=0 hotfrac=0.0%
[cohort]   sc=26 (3584B): pages=1 pure=100.0% faulted=0(0.0%) faults=0 hotfrac=0.0%
[cohort]   sc=27 (4096B): pages=1 pure=100.0% faulted=1(100.0%) faults=1 hotfrac=6.2%
[cohort]   sc=28 (5120B): pages=124404 pure=100.0% faulted=13281(10.7%) faults=14692 hotfrac=6.2%
[cohort]   sc=32 (10240B): pages=2 pure=100.0% faulted=0(0.0%) faults=0 hotfrac=0.0%
[cohort]   sc=33 (12288B): pages=1 pure=100.0% faulted=0(0.0%) faults=0 hotfrac=0.0%
[cohort]   sc=34 (14336B): pages=1 pure=100.0% faulted=0(0.0%) faults=0 hotfrac=0.0%
[cohort]   sc=35 (16384B): pages=1 pure=100.0% faulted=1(100.0%) faults=1 hotfrac=6.2%
[cohort]   sc=36 (large): pages=1234 pure=100.0% faulted=471(38.2%) faults=580 hotfrac=6.3%
[cohort] stamped=125677 mixed_tid=0(0.0%)  ROUTING-PURITY: pure(1-site)=125677(100.0%) n_ra{1=125677 2=0 3=0 4=0 >4=0}  compressed_pages=108810 pure=100.0%
[cohort] HOT/COLD-MIX: faulted_pages=23252(18.5% of live) hotfrac{<20%=23252 20-40=0 40-60=0 60-80=0 >=80=0}
[cohort]   sc=0 (16B): pages=3 pure=100.0% faulted=1(33.3%) faults=2 hotfrac=6.2%
[cohort]   sc=1 (32B): pages=1 pure=100.0% faulted=1(100.0%) faults=2 hotfrac=6.2%
[cohort]   sc=2 (48B): pages=2 pure=100.0% faulted=1(50.0%) faults=2 hotfrac=6.2%
[cohort]   sc=3 (64B): pages=2 pure=100.0% faulted=0(0.0%) faults=0 hotfrac=0.0%
[cohort]   sc=4 (80B): pages=2 pure=100.0% faulted=1(50.0%) faults=1 hotfrac=6.2%
[cohort]   sc=5 (96B): pages=2 pure=100.0% faulted=0(0.0%) faults=0 hotfrac=0.0%
[cohort]   sc=6 (112B): pages=2 pure=100.0% faulted=1(50.0%) faults=2 hotfrac=6.2%
[cohort]   sc=7 (128B): pages=1 pure=100.0% faulted=1(100.0%) faults=3 hotfrac=6.2%
[cohort]   sc=8 (160B): pages=1 pure=100.0% faulted=1(100.0%) faults=1 hotfrac=6.2%
[cohort]   sc=9 (192B): pages=1 pure=100.0% faulted=1(100.0%) faults=1 hotfrac=6.2%
[cohort]   sc=10 (224B): pages=1 pure=100.0% faulted=0(0.0%) faults=0 hotfrac=0.0%
[cohort]   sc=11 (256B): pages=1 pure=100.0% faulted=0(0.0%) faults=0 hotfrac=0.0%
[cohort]   sc=12 (320B): pages=3 pure=100.0% faulted=2(66.7%) faults=4 hotfrac=6.2%
[cohort]   sc=13 (384B): pages=1 pure=100.0% faulted=0(0.0%) faults=0 hotfrac=0.0%
[cohort]   sc=15 (512B): pages=2 pure=100.0% faulted=1(50.0%) faults=2 hotfrac=6.2%
[cohort]   sc=16 (640B): pages=1 pure=100.0% faulted=1(100.0%) faults=1 hotfrac=6.2%
[cohort]   sc=18 (896B): pages=1 pure=100.0% faulted=1(100.0%) faults=1 hotfrac=6.2%
[cohort]   sc=19 (1024B): pages=3 pure=100.0% faulted=0(0.0%) faults=0 hotfrac=0.0%
[cohort]   sc=20 (1280B): pages=1 pure=100.0% faulted=0(0.0%) faults=0 hotfrac=0.0%
[cohort]   sc=24 (2560B): pages=1 pure=100.0% faulted=0(0.0%) faults=0 hotfrac=0.0%
[cohort]   sc=26 (3584B): pages=1 pure=100.0% faulted=0(0.0%) faults=0 hotfrac=0.0%
[cohort]   sc=27 (4096B): pages=1 pure=100.0% faulted=1(100.0%) faults=1 hotfrac=6.2%
[cohort]   sc=28 (5120B): pages=124404 pure=100.0% faulted=22695(18.2%) faults=24106 hotfrac=6.2%
[cohort]   sc=32 (10240B): pages=2 pure=100.0% faulted=0(0.0%) faults=0 hotfrac=0.0%
[cohort]   sc=33 (12288B): pages=1 pure=100.0% faulted=0(0.0%) faults=0 hotfrac=0.0%
[cohort]   sc=34 (14336B): pages=1 pure=100.0% faulted=0(0.0%) faults=0 hotfrac=0.0%
[cohort]   sc=35 (16384B): pages=1 pure=100.0% faulted=1(100.0%) faults=1 hotfrac=6.2%
[cohort]   sc=36 (large): pages=1234 pure=100.0% faulted=542(43.9%) faults=690 hotfrac=6.3%
