=== RocksDB Block Cache Benchmark ===
Keys: 500000, Value size: 512, Cool: 12s, Serve: 25s, Compression: none

Populating 500000 keys...
  100000/500000...
  200000/500000...
  300000/500000...
  400000/500000...
Warming block cache with full scan...
Fill: 0.54s, RSS: 400.9 MB

Cooling for 12s...
  t=1s: RSS=400.9 MB
  t=3s: RSS=400.9 MB
  t=6s: RSS=400.9 MB
  t=9s: RSS=400.9 MB
  t=12s: RSS=400.9 MB

Serving hot reads (keys 475000..499999) for 25s...
  t=5s: RSS=402.9 MB ops=771620
  t=10s: RSS=408.8 MB ops=916530
  t=15s: RSS=410.9 MB ops=903740
  t=20s: RSS=420.8 MB ops=958780
  t=25s: RSS=423.0 MB ops=978250

Cold re-access: reading 50000 oldest keys...
Cold access: 0.051s, p50=0.8us, p99=6.6us, RSS: 423.1 MB
