Apps: sqlite, rocksdb, duckdb, memcached, redis, redis_ext, redis_patched, redis_ext_patched
Build dir: /home/ubuntu/smash/build
Output: /home/ubuntu/smash/paper_results/linux_post_arena_roi
Quick: False

======================================================================
  ABLATION STUDY
======================================================================

[1/24] Default (B1)  [0s elapsed]
  Rebuilding libsmash...
  sqlite run 1... rss_reduction=68.8
  sqlite run 2... rss_reduction=68.7
  sqlite run 3... rss_reduction=69.4
  rocksdb run 1... rss_reduction=80.05979073243648
  rocksdb run 2... rss_reduction=79.3114241001565
  rocksdb run 3... rss_reduction=79.97005988023952
  duckdb run 1... rss_reduction=0.2618085873216658
  duckdb run 2... rss_reduction=0.25587787355101366
  duckdb run 3... rss_reduction=0.2571263137849722
  memcached run 1... rss_reduction=83.13782277495193
  memcached run 2... rss_reduction=83.1380279633483
  memcached run 3... rss_reduction=83.1337762527074
  redis run 1... rss_reduction=53.162440063235735
  redis run 2... rss_reduction=53.11047877617084
  redis run 3... rss_reduction=53.1224718807902
  redis_ext run 1...    deleted 63208/126416 keys
 rss_reduction=59.52932948231424
  redis_ext run 2...    deleted 63192/126384 keys
 rss_reduction=59.58145633462721
  redis_ext run 3...    deleted 63079/126159 keys
 rss_reduction=59.51833521686607
  redis_patched run 1... rss_reduction=52.82732997812969
  redis_patched run 2... rss_reduction=52.813430672324266
  redis_patched run 3... rss_reduction=52.8218903900345
  redis_ext_patched run 1... rss_reduction=73.10994075049375
  redis_ext_patched run 2... rss_reduction=73.09733580920022
  redis_ext_patched run 3... rss_reduction=73.15591057682168

[2/24] System malloc (B0)  [1558s elapsed]
  sqlite run 1... rss_reduction=17.5
  sqlite run 2... rss_reduction=17.2
  sqlite run 3... rss_reduction=17.2
  rocksdb run 1... rss_reduction=0.8330315103223462
  rocksdb run 2... rss_reduction=0.21707670043413785
  rocksdb run 3... rss_reduction=0.03624501631024346
  duckdb run 1... rss_reduction=0.17710407764737202
  duckdb run 2... rss_reduction=0.17298910802313605
  duckdb run 3... rss_reduction=0.16540670246595335
  memcached run 1... rss_reduction=0.0
  memcached run 2... rss_reduction=0.0
  memcached run 3... rss_reduction=0.0
  redis run 1... rss_reduction=0.0
  redis run 2... rss_reduction=0.0
  redis run 3... rss_reduction=0.0
  redis_ext run 1...    deleted 63157/126315 keys
 rss_reduction=0.0
  redis_ext run 2...    deleted 63232/126464 keys
 rss_reduction=0.0
  redis_ext run 3...    deleted 63228/126456 keys
 rss_reduction=0.0
  redis_patched run 1... rss_reduction=0.0
  redis_patched run 2... rss_reduction=0.0
  redis_patched run 3... rss_reduction=0.0
  redis_ext_patched run 1... rss_reduction=0.0
  redis_ext_patched run 2... rss_reduction=0.0
  redis_ext_patched run 3... rss_reduction=0.0

[3/24] Mesh (MESH)  [2918s elapsed]
  sqlite run 1... rss_reduction=10.0
  sqlite run 2... rss_reduction=10.2
  sqlite run 3... rss_reduction=9.9
  rocksdb run 1... rss_reduction=0.03619254433587793
  rocksdb run 2... rss_reduction=0.8692502716407202
  rocksdb run 3... rss_reduction=0.07249003262050913
  duckdb run 1... rss_reduction=0.1686699212969489
  duckdb run 2... rss_reduction=0.1771509178758901
  duckdb run 3... rss_reduction=0.16194248074401507
  memcached run 1... rss_reduction=0.0
  memcached run 2... rss_reduction=0.0
  memcached run 3... rss_reduction=0.0
  redis run 1... rss_reduction=0.0
  redis run 2... rss_reduction=0.0
  redis run 3... rss_reduction=0.0
  redis_ext run 1...    deleted 63086/126172 keys
 rss_reduction=0.0
  redis_ext run 2...    deleted 63345/126690 keys
 rss_reduction=0.0
  redis_ext run 3...    deleted 63093/126186 keys
 rss_reduction=0.0
  redis_patched run 1... rss_reduction=0.0
  redis_patched run 2... rss_reduction=0.0
  redis_patched run 3... rss_reduction=0.0
  redis_ext_patched run 1... rss_reduction=0.0
  redis_ext_patched run 2... rss_reduction=0.0
  redis_ext_patched run 3... rss_reduction=0.0

[4/24] With dicts (DICT)  [4282s elapsed]
  Rebuilding libsmash...
  sqlite run 1... rss_reduction=69.1
  sqlite run 2... rss_reduction=68.4
  sqlite run 3... rss_reduction=69.2
  rocksdb run 1... rss_reduction=79.02587519025876
  rocksdb run 2... rss_reduction=79.09738717339667
  rocksdb run 3... rss_reduction=77.88092189500641
  duckdb run 1... rss_reduction=0.2527530860260807
  duckdb run 2... rss_reduction=0.24806455655930204
  duckdb run 3... rss_reduction=0.24318723853462565
  memcached run 1... rss_reduction=82.3818763826921
  memcached run 2... rss_reduction=82.51896888361631
  memcached run 3... rss_reduction=82.56490109729691
  redis run 1... rss_reduction=52.35034097873283
  redis run 2... rss_reduction=52.3538082256108
  redis run 3... rss_reduction=52.542085566378496
  redis_ext run 1...    deleted 63163/126327 keys
 rss_reduction=59.04587676015511
  redis_ext run 2...    deleted 63151/126303 keys
 rss_reduction=58.93597719025402
  redis_ext run 3...    deleted 63113/126227 keys
 rss_reduction=58.773137131317284
  redis_patched run 1... rss_reduction=52.07998947506907
  redis_patched run 2... rss_reduction=51.894817233751176
  redis_patched run 3... rss_reduction=52.05295749464246
  redis_ext_patched run 1... rss_reduction=72.35811939944998
  redis_ext_patched run 2... rss_reduction=72.37242779366983
  redis_ext_patched run 3... rss_reduction=72.3535754674802

[5/24] No arenas (T1a)  [5842s elapsed]
  Rebuilding libsmash...
  sqlite run 1... rss_reduction=68.7
  sqlite run 2... rss_reduction=69.5
  sqlite run 3... rss_reduction=69.5
  rocksdb run 1... rss_reduction=78.50225952227244
  rocksdb run 2... rss_reduction=78.5899935022742
  rocksdb run 3... rss_reduction=78.47446670976083
  duckdb run 1... rss_reduction=0.25227276072355975
  duckdb run 2... rss_reduction=0.2525485503619973
  duckdb run 3... rss_reduction=0.2434378665290282
  memcached run 1... rss_reduction=83.09680410987322
  memcached run 2... rss_reduction=83.17221972903806
  memcached run 3... rss_reduction=83.19197042743835
  redis run 1... rss_reduction=53.20876171116584
  redis run 2... rss_reduction=53.229212838630616
  redis run 3... rss_reduction=53.22936378466559
  redis_ext run 1...    deleted 63192/126385 keys
 rss_reduction=59.64905459870664
  redis_ext run 2...    deleted 63203/126407 keys
 rss_reduction=59.66146947133766
  redis_ext run 3...    deleted 63273/126546 keys
 rss_reduction=59.51270556926376
  redis_patched run 1... rss_reduction=52.90478008451706
  redis_patched run 2... rss_reduction=52.89106255423207
  redis_patched run 3... rss_reduction=52.92708607528297
  redis_ext_patched run 1... rss_reduction=73.22412293418382
  redis_ext_patched run 2... rss_reduction=73.26380190134624
  redis_ext_patched run 3... rss_reduction=73.20332868090486

[6/24] Fast tier only (T1c)  [7403s elapsed]
  Rebuilding libsmash...
  sqlite run 1... rss_reduction=69.4
  sqlite run 2... rss_reduction=68.8
  sqlite run 3... rss_reduction=69.4
  rocksdb run 1... rss_reduction=79.18509159823121
  rocksdb run 2... rss_reduction=79.92788461538461
  rocksdb run 3... rss_reduction=78.78690629011554
  duckdb run 1... rss_reduction=0.24589196554586357
  duckdb run 2... rss_reduction=0.24717026047426094
  duckdb run 3... rss_reduction=0.24139216192196056
  memcached run 1... rss_reduction=83.12653577597742
  memcached run 2... rss_reduction=83.10996521781432
  memcached run 3... rss_reduction=83.09317963496639
  redis run 1... rss_reduction=53.22191029574982
  redis run 2... rss_reduction=53.18780138146748
  redis run 3... rss_reduction=53.21746381248942
  redis_ext run 1...    deleted 63077/126155 keys
 rss_reduction=59.58259923308115
  redis_ext run 2...    deleted 63086/126172 keys
 rss_reduction=59.617933723196884
  redis_ext run 3...    deleted 63141/126283 keys
 rss_reduction=59.48646827042721
  redis_patched run 1... rss_reduction=52.902648815003815
  redis_patched run 2... rss_reduction=52.88260165171692
  redis_patched run 3... rss_reduction=52.88715809969873
  redis_ext_patched run 1... rss_reduction=73.17204725445312
  redis_ext_patched run 2... rss_reduction=73.20535102965187
  redis_ext_patched run 3... rss_reduction=73.07818594938205

[7/24] No zero-deferred (T2a)  [8967s elapsed]
  Rebuilding libsmash...
  sqlite run 1... rss_reduction=69.4
  sqlite run 2... rss_reduction=69.6
  sqlite run 3... rss_reduction=69.4
  rocksdb run 1... rss_reduction=79.52990181493604
  rocksdb run 2... rss_reduction=79.23715779760074
  rocksdb run 3... rss_reduction=79.05569007263922
  duckdb run 1...    duckdb: fill timed out after 600s
 SKIP (not available)
  duckdb run 2... rss_reduction=0.25832847309628093
  duckdb run 3...    duckdb: fill timed out after 600s
 SKIP (not available)
  memcached run 1... rss_reduction=83.11400841623896
  memcached run 2... rss_reduction=83.10851081945678
  memcached run 3... rss_reduction=83.1080834499118
  redis run 1... rss_reduction=53.21542778829211
  redis run 2... rss_reduction=53.21562695597747
  redis run 3... rss_reduction=53.21492747206958
  redis_ext run 1...    deleted 63320/126641 keys
 rss_reduction=51.451252149404624
  redis_ext run 2...    deleted 63264/126529 keys
 rss_reduction=51.479259268858456
  redis_ext run 3...    deleted 63180/126360 keys
 rss_reduction=51.430494782901384
  redis_patched run 1... rss_reduction=52.8795673741135
  redis_patched run 2... rss_reduction=52.86561264822134
  redis_patched run 3... rss_reduction=52.902589719994744
  redis_ext_patched run 1... rss_reduction=53.473246260796294
  redis_ext_patched run 2... rss_reduction=53.551804821621054
  redis_ext_patched run 3... rss_reduction=53.493208381594194

[8/24] No prefetch (T1e)  [11462s elapsed]
  Rebuilding libsmash...
  sqlite run 1... SKIP (not available)
  sqlite run 2... rss_reduction=69.4
  sqlite run 3... rss_reduction=69.5
  rocksdb run 1... rss_reduction=79.45120049890863
  rocksdb run 2... rss_reduction=78.51827887415077
  rocksdb run 3... rss_reduction=79.47761194029852
  duckdb run 1...    duckdb: fill timed out after 600s
 SKIP (not available)
  duckdb run 2... rss_reduction=0.23310912598262234
  duckdb run 3... rss_reduction=0.23886216831858764
  memcached run 1... rss_reduction=83.2682774970665
  memcached run 2... rss_reduction=83.35359748247747
  memcached run 3... rss_reduction=83.34723943930581
  redis run 1... rss_reduction=53.18926955228942
  redis run 2... rss_reduction=53.21349838901136
  redis run 3... rss_reduction=53.18053219645116
  redis_ext run 1...    deleted 63133/126267 keys
 rss_reduction=59.55414428894377
  redis_ext run 2...    deleted 63228/126456 keys
 rss_reduction=59.68127490039841
  redis_ext run 3...    deleted 63192/126385 keys
 rss_reduction=59.53862003312338
  redis_patched run 1... rss_reduction=52.87657869064255
  redis_patched run 2... rss_reduction=52.86966132470199
  redis_patched run 3... rss_reduction=52.90351478105075
  redis_ext_patched run 1... rss_reduction=73.23967769117337
  redis_ext_patched run 2... rss_reduction=73.07980393960499
  redis_ext_patched run 3... rss_reduction=73.19080677395603

[9/24] Single worker (T1f)  [13449s elapsed]
  Rebuilding libsmash...
  sqlite run 1... rss_reduction=69.4
  sqlite run 2... rss_reduction=69.6
  sqlite run 3... rss_reduction=69.4
  rocksdb run 1... rss_reduction=79.8263992816522
  rocksdb run 2... rss_reduction=79.48399129623873
  rocksdb run 3... rss_reduction=79.92842230838055
  duckdb run 1... rss_reduction=0.27095295429553357
  duckdb run 2... rss_reduction=0.25007267886651974
  duckdb run 3... rss_reduction=0.24933701192996205
  memcached run 1... rss_reduction=83.07576328684509
  memcached run 2... rss_reduction=83.06618344562547
  memcached run 3... rss_reduction=83.12306101344365
  redis run 1... rss_reduction=53.08365454734868
  redis run 2... rss_reduction=53.15476579342784
  redis run 3... rss_reduction=53.1773055196796
  redis_ext run 1...    deleted 63333/126667 keys
 rss_reduction=59.54601147868704
  redis_ext run 2...    deleted 63177/126354 keys
 rss_reduction=59.48293718605976
  redis_ext run 3...    deleted 63310/126620 keys
 rss_reduction=59.349498414678514
  redis_patched run 1... rss_reduction=52.88367803978395
  redis_patched run 2... rss_reduction=52.869645324735146
  redis_patched run 3... rss_reduction=52.760252365930604
  redis_ext_patched run 1... rss_reduction=73.15765908133164
  redis_ext_patched run 2... rss_reduction=73.16970510088655
  redis_ext_patched run 3... rss_reduction=73.16636851520573

[10/24] No compression (B2)  [15009s elapsed]
  Rebuilding libsmash...
  sqlite run 1... rss_reduction=13.2
  sqlite run 2... rss_reduction=13.4
  sqlite run 3... rss_reduction=14.0
  rocksdb run 1... rss_reduction=0.31746031746031633
  rocksdb run 2... rss_reduction=0.4822182037371947
  rocksdb run 3... rss_reduction=0.4608294930875556
  duckdb run 1... rss_reduction=0.0
  duckdb run 2... rss_reduction=0.0
  duckdb run 3... rss_reduction=0.0
  memcached run 1... rss_reduction=0.0
  memcached run 2... rss_reduction=0.0
  memcached run 3... rss_reduction=0.0
  redis run 1... rss_reduction=0.0
  redis run 2... rss_reduction=0.0
  redis run 3... rss_reduction=0.0
  redis_ext run 1...    deleted 63064/126128 keys
 rss_reduction=0.0
  redis_ext run 2...    deleted 63256/126512 keys
 rss_reduction=0.0
  redis_ext run 3...    deleted 63391/126783 keys
 rss_reduction=0.0
  redis_patched run 1... rss_reduction=0.0
  redis_patched run 2... rss_reduction=0.0
  redis_patched run 3... rss_reduction=0.0
  redis_ext_patched run 1... rss_reduction=1.7391761935458439
  redis_ext_patched run 2... rss_reduction=2.228081740276866
  redis_ext_patched run 3... rss_reduction=2.05832356003004

[11/24] Cap 8 slots/page (global) (T3a)  [16562s elapsed]
  Rebuilding libsmash...
  sqlite run 1... rss_reduction=69.5
  sqlite run 2... rss_reduction=69.5
  sqlite run 3... rss_reduction=68.8
  rocksdb run 1... rss_reduction=80.93494790199944
  rocksdb run 2... rss_reduction=80.42840375586854
  rocksdb run 3... rss_reduction=80.79112122936824
  duckdb run 1...    duckdb: fill timed out after 600s
 SKIP (not available)
  duckdb run 2...    duckdb: fill timed out after 600s
 SKIP (not available)
  duckdb run 3... rss_reduction=0.6387185811150387
  memcached run 1... rss_reduction=83.08970180473804
  memcached run 2... rss_reduction=83.12413340144494
  memcached run 3... rss_reduction=83.29381048193926
  redis run 1... rss_reduction=69.66681125194789
  redis run 2... rss_reduction=69.68523507151562
  redis run 3... rss_reduction=69.64937471422957
  redis_ext run 1...    deleted 63233/126467 keys
 rss_reduction=70.934509444953
  redis_ext run 2...    deleted 63305/126611 keys
 rss_reduction=71.14189294599676
  redis_ext run 3...    deleted 63253/126506 keys
 rss_reduction=71.00691123512337
  redis_patched run 1... rss_reduction=62.56199359144438
  redis_patched run 2... rss_reduction=62.51704973432951
  redis_patched run 3... rss_reduction=62.49032547150597
  redis_ext_patched run 1... rss_reduction=78.08784423999755
  redis_ext_patched run 2... rss_reduction=78.43498625394562
  redis_ext_patched run 3... rss_reduction=78.28787771135089

[12/24] Page-local batch (T3b)  [19073s elapsed]
  Rebuilding libsmash...
  sqlite run 1... rss_reduction=69.3
  sqlite run 2... rss_reduction=69.3
  sqlite run 3... rss_reduction=69.3
  rocksdb run 1... rss_reduction=78.6709886547812
  rocksdb run 2... rss_reduction=70.54523301858056
  rocksdb run 3... rss_reduction=78.56213402732595
  duckdb run 1... rss_reduction=0.25354954913281436
  duckdb run 2... rss_reduction=0.24943332436897503
  duckdb run 3... rss_reduction=0.23278051893252938
  memcached run 1... rss_reduction=82.970362888325
  memcached run 2... rss_reduction=83.3792404459548
  memcached run 3... rss_reduction=83.10102831522003
  redis run 1... rss_reduction=53.18415174197594
  redis run 2... rss_reduction=53.10577624856636
  redis run 3... rss_reduction=53.23354617215236
  redis_ext run 1...    deleted 63170/126340 keys
 rss_reduction=59.56243025096675
  redis_ext run 2...    deleted 63158/126317 keys
 rss_reduction=59.01268175214962
  redis_ext run 3...    deleted 63226/126452 keys
 rss_reduction=59.49586798269475
  redis_patched run 1... rss_reduction=52.894314081799266
  redis_patched run 2... rss_reduction=52.87098983300849
  redis_patched run 3... rss_reduction=52.905706085262125
  redis_ext_patched run 1... rss_reduction=73.26273642063116
  redis_ext_patched run 2... rss_reduction=73.17108465434454
  redis_ext_patched run 3... rss_reduction=73.14665089068559

[13/24] Cold arenas + cap 8 (T3c)  [20592s elapsed]
  Rebuilding libsmash...
  sqlite run 1... rss_reduction=68.7
  sqlite run 2... rss_reduction=69.5
  sqlite run 3... rss_reduction=69.5
  rocksdb run 1... rss_reduction=79.97014925373135
  rocksdb run 2... rss_reduction=79.18893429739076
  rocksdb run 3... rss_reduction=80.92386655260907
  duckdb run 1...    duckdb: fill timed out after 600s
 SKIP (not available)
  duckdb run 2... rss_reduction=0.4074636816518318
  duckdb run 3... rss_reduction=0.43021912717411404
  memcached run 1... rss_reduction=83.37247982068126
  memcached run 2... rss_reduction=83.26129901227178
  memcached run 3... rss_reduction=83.33849784282411
  redis run 1... rss_reduction=53.184813304047694
  redis run 2... rss_reduction=53.164705728724584
  redis run 3... rss_reduction=53.19706772409475
  redis_ext run 1...    deleted 63275/126551 keys
 rss_reduction=59.421617715377074
  redis_ext run 2...    deleted 63279/126558 keys
 rss_reduction=59.555969569942555
  redis_ext run 3...    deleted 63278/126557 keys
 rss_reduction=59.647734789432036
  redis_patched run 1... rss_reduction=52.8998935457162
  redis_patched run 2... rss_reduction=52.917340911183906
  redis_patched run 3... rss_reduction=52.91168226143945
  redis_ext_patched run 1... rss_reduction=73.1328182487123
  redis_ext_patched run 2... rss_reduction=73.18218282723339
  redis_ext_patched run 3... rss_reduction=73.15335681615058

[14/24] All three (B1+T3a+T3b+T3c) (T3d)  [22628s elapsed]
  Rebuilding libsmash...
  sqlite run 1... rss_reduction=69.4
  sqlite run 2... rss_reduction=69.3
  sqlite run 3... rss_reduction=69.4
  rocksdb run 1... rss_reduction=78.65932642487047
  rocksdb run 2... rss_reduction=78.74233128834356
  rocksdb run 3... rss_reduction=78.51132686084142
  duckdb run 1... rss_reduction=0.431739051468627
  duckdb run 2... rss_reduction=0.41949755761071517
  duckdb run 3... rss_reduction=0.41177740983370237
  memcached run 1... rss_reduction=82.99572319645111
  memcached run 2... rss_reduction=83.12168539872525
  memcached run 3... rss_reduction=83.16883054201458
  redis run 1... rss_reduction=53.190074454629624
  redis run 2... rss_reduction=53.210195403198455
  redis run 3... rss_reduction=53.20967069612339
  redis_ext run 1...    deleted 63329/126659 keys
 rss_reduction=59.50358735699051
  redis_ext run 2...    deleted 63268/126536 keys
 rss_reduction=59.6566967401701
  redis_ext run 3...    deleted 63198/126397 keys
 rss_reduction=59.533417238650074
  redis_patched run 1... rss_reduction=52.88662917056337
  redis_patched run 2... rss_reduction=52.88466606926361
  redis_patched run 3... rss_reduction=52.9259273880489
  redis_ext_patched run 1... rss_reduction=73.2330747856776
  redis_ext_patched run 2... rss_reduction=73.1190141492702
  redis_ext_patched run 3... rss_reduction=73.21983462368989

[15/24] Thread arena hash (T3e)  [24184s elapsed]
  Rebuilding libsmash...
  sqlite run 1... SKIP (not available)
  sqlite run 2... rss_reduction=69.4
  sqlite run 3... rss_reduction=68.7
  rocksdb run 1... rss_reduction=79.89244099193307
  rocksdb run 2... rss_reduction=79.61135101789019
  rocksdb run 3... rss_reduction=82.51667816885208
  duckdb run 1... rss_reduction=0.2555054786180233
  duckdb run 2... rss_reduction=0.2524062665574367
  duckdb run 3... rss_reduction=0.25796942981014537
  memcached run 1... rss_reduction=83.09941520467837
  memcached run 2... rss_reduction=83.13949244507167
  memcached run 3... rss_reduction=82.93209688243547
  redis run 1... rss_reduction=53.19304379590613
  redis run 2... rss_reduction=53.193709084270104
  redis run 3... rss_reduction=53.20149555112622
  redis_ext run 1...    deleted 63224/126448 keys
 rss_reduction=59.53322989397466
  redis_ext run 2...    deleted 63307/126615 keys
 rss_reduction=59.567245400362786
  redis_ext run 3...    deleted 63342/126685 keys
 rss_reduction=59.49646700166639
  redis_patched run 1... rss_reduction=52.88915792659657
  redis_patched run 2... rss_reduction=52.877901242685255
  redis_patched run 3... rss_reduction=52.905835386500485
  redis_ext_patched run 1... rss_reduction=73.10280472097364
  redis_ext_patched run 2... rss_reduction=73.18497474747474
  redis_ext_patched run 3... rss_reduction=73.18141750101964

[16/24] Adaptive cap (feedback) (T3f)  [25741s elapsed]
  Rebuilding libsmash...
  sqlite run 1... rss_reduction=68.2
  sqlite run 2... rss_reduction=69.4
  sqlite run 3... rss_reduction=69.5
  rocksdb run 1... rss_reduction=79.76583608525968
  rocksdb run 2... rss_reduction=79.34883720930233
  rocksdb run 3... rss_reduction=79.43953700883338
  duckdb run 1... rss_reduction=0.2615072414774544
  duckdb run 2...    duckdb: fill timed out after 600s
 SKIP (not available)
  duckdb run 3... rss_reduction=0.29473972910609714
  memcached run 1... rss_reduction=83.11683572940231
  memcached run 2... rss_reduction=83.27306255388447
  memcached run 3... rss_reduction=83.16969037396701
  redis run 1... rss_reduction=53.2335391750697
  redis run 2... rss_reduction=53.18733144859753
  redis run 3... rss_reduction=53.18846625127096
  redis_ext run 1...    deleted 63199/126398 keys
 rss_reduction=58.66377611351991
  redis_ext run 2...    deleted 63337/126674 keys
 rss_reduction=59.57270812061366
  redis_ext run 3...    deleted 63164/126329 keys
 rss_reduction=59.60234039248176
  redis_patched run 1... rss_reduction=52.89439030813801
  redis_patched run 2... rss_reduction=52.892257001647444
  redis_patched run 3... rss_reduction=52.89475760843834
  redis_ext_patched run 1... rss_reduction=73.13603705555703
  redis_ext_patched run 2... rss_reduction=73.12177102367588
  redis_ext_patched run 3... rss_reduction=73.22543261253193

[17/24] Adaptive cap + 16 arenas (T4b)  [27773s elapsed]
  Rebuilding libsmash...
  sqlite run 1... rss_reduction=69.4
  sqlite run 2... rss_reduction=69.3
  sqlite run 3... rss_reduction=69.3
  rocksdb run 1... rss_reduction=79.43635800557448
  rocksdb run 2... rss_reduction=79.756242568371
  rocksdb run 3... rss_reduction=79.12330495111952
  duckdb run 1...    duckdb: fill timed out after 600s
 SKIP (not available)
  duckdb run 2... rss_reduction=0.244628597025065
  duckdb run 3... rss_reduction=0.26649077769184126
  memcached run 1... rss_reduction=83.04209400670783
  memcached run 2... rss_reduction=83.03865456357163
  memcached run 3... rss_reduction=83.04330919165896
  redis run 1... rss_reduction=53.14125545922691
  redis run 2... rss_reduction=53.13585902625037
  redis run 3... rss_reduction=53.14749957686149
  redis_ext run 1...    deleted 63174/126348 keys
 rss_reduction=59.455196576555615
  redis_ext run 2...    deleted 63157/126314 keys
 rss_reduction=59.26193641655802
  redis_ext run 3...    deleted 63308/126617 keys
 rss_reduction=58.0334232952657
  redis_patched run 1... rss_reduction=52.86604115745486
  redis_patched run 2... rss_reduction=52.86033372749968
  redis_patched run 3... rss_reduction=52.86095308168333
  redis_ext_patched run 1... rss_reduction=73.1325808403715
  redis_ext_patched run 2... rss_reduction=73.1054138537918
  redis_ext_patched run 3... rss_reduction=73.15324087475986

[18/24] ThreadHash + PageLocal (T5a)  [29800s elapsed]
  Rebuilding libsmash...
  sqlite run 1... rss_reduction=69.3
  sqlite run 2... rss_reduction=69.3
  sqlite run 3... rss_reduction=68.6
  rocksdb run 1... rss_reduction=73.75466998754669
  rocksdb run 2... rss_reduction=78.55515782622844
  rocksdb run 3... rss_reduction=79.50995405819296
  duckdb run 1... rss_reduction=0.23838007365973857
  duckdb run 2... rss_reduction=0.2378971725806256
  duckdb run 3... rss_reduction=0.24077998179328208
  memcached run 1... rss_reduction=83.12756200508447
  memcached run 2... rss_reduction=83.07206207073233
  memcached run 3... rss_reduction=83.09420748018093
  redis run 1... rss_reduction=53.2262271138699
  redis run 2... rss_reduction=53.216686643389444
  redis run 3... rss_reduction=53.20422535211268
  redis_ext run 1...    deleted 63250/126501 keys
 rss_reduction=59.60563088707174
  redis_ext run 2...    deleted 63296/126592 keys
 rss_reduction=59.61441613615527
  redis_ext run 3...    deleted 63329/126658 keys
 rss_reduction=59.60097814695493
  redis_patched run 1... rss_reduction=52.92373383940221
  redis_patched run 2... rss_reduction=52.911552608334546
  redis_patched run 3... rss_reduction=52.892072311682846
  redis_ext_patched run 1... rss_reduction=73.2173867284113
  redis_ext_patched run 2... rss_reduction=73.19502074688798
  redis_ext_patched run 3... rss_reduction=73.16139219685506

[19/24] ThreadHash + ColdArena (T5b)  [31364s elapsed]
  Rebuilding libsmash...
  sqlite run 1... rss_reduction=69.4
  sqlite run 2... rss_reduction=69.4
  sqlite run 3... rss_reduction=69.4
  rocksdb run 1... rss_reduction=79.42732648615002
  rocksdb run 2... rss_reduction=80.08323424494648
  rocksdb run 3... rss_reduction=79.71683594952293
  duckdb run 1... rss_reduction=0.25025611998337194
  duckdb run 2... rss_reduction=0.2642437899338934
  duckdb run 3... rss_reduction=0.2473721395253814
  memcached run 1... rss_reduction=83.30737901293723
  memcached run 2... rss_reduction=83.31898613103779
  memcached run 3... rss_reduction=82.97836170677806
  redis run 1... rss_reduction=53.219494377625296
  redis run 2... rss_reduction=53.188074890729986
  redis run 3... rss_reduction=53.14037965783923
  redis_ext run 1...    deleted 63221/126442 keys
 rss_reduction=59.575953458306394
  redis_ext run 2...    deleted 63121/126242 keys
 rss_reduction=59.57388833383072
  redis_ext run 3...    deleted 63209/126418 keys
 rss_reduction=59.57298227009971
  redis_patched run 1... rss_reduction=52.90735917067908
  redis_patched run 2... rss_reduction=52.892507629169735
  redis_patched run 3... rss_reduction=52.89161392405064
  redis_ext_patched run 1... rss_reduction=73.08915105494101
  redis_ext_patched run 2... rss_reduction=73.1693190643552
  redis_ext_patched run 3... rss_reduction=73.17002540443063

[20/24] ThreadHash + PageLocal + ColdArena (T5c)  [32929s elapsed]
  Rebuilding libsmash...
  sqlite run 1... rss_reduction=69.4
  sqlite run 2... rss_reduction=69.4
  sqlite run 3... rss_reduction=69.4
  rocksdb run 1... rss_reduction=72.80169799878715
  rocksdb run 2... rss_reduction=78.57375447736894
  rocksdb run 3... rss_reduction=70.93548387096774
  duckdb run 1...    duckdb: fill timed out after 600s
 SKIP (not available)
  duckdb run 2... rss_reduction=0.24809785370885074
  duckdb run 3... rss_reduction=0.24602117447121152
  memcached run 1... rss_reduction=83.16850627219785
  memcached run 2... rss_reduction=83.10693307713824
  memcached run 3... rss_reduction=83.27306688378553
  redis run 1... rss_reduction=53.17940953822862
  redis run 2... rss_reduction=53.208751139471275
  redis run 3... rss_reduction=53.20599025995221
  redis_ext run 1...    deleted 63265/126530 keys
 rss_reduction=58.45550878211642
  redis_ext run 2...    deleted 63264/126528 keys
 rss_reduction=58.59397682582417
  redis_ext run 3...    deleted 63203/126407 keys
 rss_reduction=59.52837274351869
  redis_patched run 1... rss_reduction=52.91543465405086
  redis_patched run 2... rss_reduction=52.88646483808921
  redis_patched run 3... rss_reduction=52.951835705656805
  redis_ext_patched run 1... rss_reduction=73.12471237919927
  redis_ext_patched run 2... rss_reduction=73.12640445746877
  redis_ext_patched run 3... rss_reduction=73.14892721918385

[21/24] ThreadHash + 16 arenas (T5d)  [34965s elapsed]
  Rebuilding libsmash...
  sqlite run 1... rss_reduction=69.4
  sqlite run 2... rss_reduction=69.5
  sqlite run 3... rss_reduction=68.6
  rocksdb run 1... rss_reduction=79.49429540548874
  rocksdb run 2... rss_reduction=79.8396674584323
  rocksdb run 3... rss_reduction=78.94736842105263
  duckdb run 1... rss_reduction=0.27146569198570614
  duckdb run 2... rss_reduction=0.24347565711291264
  duckdb run 3... rss_reduction=0.24896061310574202
  memcached run 1... rss_reduction=83.03826384922901
  memcached run 2... rss_reduction=83.02063333900406
  memcached run 3... rss_reduction=82.88295936931473
  redis run 1... rss_reduction=53.13992064008326
  redis run 2... rss_reduction=53.142819945319616
  redis run 3... rss_reduction=53.16320552047393
  redis_ext run 1...    deleted 63128/126256 keys
 rss_reduction=59.47750551017762
  redis_ext run 2...    deleted 63341/126683 keys
 rss_reduction=59.504228261571235
  redis_ext run 3...    deleted 63159/126318 keys
 rss_reduction=59.518315920462506
  redis_patched run 1... rss_reduction=52.85280548874256
  redis_patched run 2... rss_reduction=52.87666188866825
  redis_patched run 3... rss_reduction=52.774863617289135
  redis_ext_patched run 1... rss_reduction=73.14802622916284
  redis_ext_patched run 2... rss_reduction=73.14266929651545
  redis_ext_patched run 3... rss_reduction=73.06242034869209

[22/24] ThreadHash + PageLocal + 16 arenas (T5e)  [36521s elapsed]
  Rebuilding libsmash...
  sqlite run 1... rss_reduction=69.2
  sqlite run 2... SKIP (not available)
  sqlite run 3... rss_reduction=68.5
  rocksdb run 1... rss_reduction=79.48560930802205
  rocksdb run 2... rss_reduction=78.61048568671598
  rocksdb run 3... rss_reduction=70.33898305084745
  duckdb run 1... rss_reduction=0.26053553961525866
  duckdb run 2... rss_reduction=0.2642563808071485
  duckdb run 3... rss_reduction=0.25915818010394664
  memcached run 1... rss_reduction=83.13254457750365
  memcached run 2... rss_reduction=83.0217330563553
  memcached run 3... rss_reduction=83.18800014353896
  redis run 1... rss_reduction=53.17904771827464
  redis run 2... rss_reduction=53.15389330099241
  redis run 3... rss_reduction=53.14960629921259
  redis_ext run 1...    deleted 63208/126416 keys
 rss_reduction=59.44085798931395
  redis_ext run 2...    deleted 63218/126436 keys
 rss_reduction=59.53677240808515
  redis_ext run 3...    deleted 63298/126597 keys
 rss_reduction=59.009590917987865
  redis_patched run 1... rss_reduction=52.84518608201295
  redis_patched run 2... rss_reduction=52.86380658301031
  redis_patched run 3... rss_reduction=52.831527093596065
  redis_ext_patched run 1... rss_reduction=73.07323355103222
  redis_ext_patched run 2... rss_reduction=73.04857379353838
  redis_ext_patched run 3... rss_reduction=73.11820893169187

[23/24] PageLocal + ColdArena (T5f)  [38082s elapsed]
  Rebuilding libsmash...
  sqlite run 1... rss_reduction=69.4
  sqlite run 2... rss_reduction=69.3
  sqlite run 3... rss_reduction=69.3
  rocksdb run 1... rss_reduction=78.68480725623583
  rocksdb run 2... rss_reduction=79.27127985303123
  rocksdb run 3... rss_reduction=78.52261633582818
  duckdb run 1... rss_reduction=0.2483414407821405
  duckdb run 2... rss_reduction=0.23707263139989276
  duckdb run 3... rss_reduction=0.23450650527759853
  memcached run 1... rss_reduction=83.11539818272495
  memcached run 2... rss_reduction=83.10128044554155
  memcached run 3... rss_reduction=83.29660326737891
  redis run 1... rss_reduction=53.2098025938851
  redis run 2... rss_reduction=53.215505330935066
  redis run 3... rss_reduction=53.19534180908712
  redis_ext run 1...    deleted 63305/126611 keys
 rss_reduction=59.63469965486485
  redis_ext run 2...    deleted 63206/126412 keys
 rss_reduction=59.58063681076884
  redis_ext run 3...    deleted 63182/126365 keys
 rss_reduction=59.493621655258245
  redis_patched run 1... rss_reduction=52.90077644050146
  redis_patched run 2... rss_reduction=52.90343828217626
  redis_patched run 3... rss_reduction=52.90123050602092
  redis_ext_patched run 1... rss_reduction=73.21219303443281
  redis_ext_patched run 2... rss_reduction=73.18582090534547
  redis_ext_patched run 3... rss_reduction=73.09214245336348

[24/24] ColdArena only (no cap) (T5g)  [39639s elapsed]
  Rebuilding libsmash...
  sqlite run 1... rss_reduction=69.5
  sqlite run 2... rss_reduction=68.0
  sqlite run 3... rss_reduction=68.8
  rocksdb run 1... rss_reduction=80.58419243986255
  rocksdb run 2... rss_reduction=79.65062825620595
  rocksdb run 3... rss_reduction=78.83489461358315
  duckdb run 1... rss_reduction=0.24487317606124437
  duckdb run 2... rss_reduction=0.2560676373087989
  duckdb run 3... rss_reduction=0.26026179832935314
  memcached run 1... rss_reduction=83.10975980541198
  memcached run 2... rss_reduction=83.08227255595678
  memcached run 3... rss_reduction=83.06498334379376
  redis run 1... rss_reduction=53.17208719815272
  redis run 2... rss_reduction=53.1792587173223
  redis run 3... rss_reduction=53.18008964625014
  redis_ext run 1...    deleted 63203/126407 keys
 rss_reduction=59.49924068377399
  redis_ext run 2...    deleted 63120/126240 keys
 rss_reduction=58.76733598252586
  redis_ext run 3...    deleted 63212/126424 keys
 rss_reduction=59.443653771509894
  redis_patched run 1... rss_reduction=52.893486529527124
  redis_patched run 2... rss_reduction=52.89761496903414
  redis_patched run 3... rss_reduction=52.918502927053865
  redis_ext_patched run 1... rss_reduction=73.16739282094483
  redis_ext_patched run 2... rss_reduction=73.16620363665092
  redis_ext_patched run 3... rss_reduction=73.13574142986758

Ablation complete in 41208s. Results: /home/ubuntu/smash/paper_results/linux_post_arena_roi/ablation_results.json

======================================================================
  COMPRESS-ONLY EXPERIMENT
======================================================================

============================================================
  Compress-only: sqlite
============================================================
  baseline run 1... rss=430.2MB reduction=17.5%
  baseline run 2... rss=427.6MB reduction=17.0%
  baseline run 3... rss=430.6MB reduction=17.6%
  compress_only run 1... rss=452.8MB reduction=16.5%
  compress_only run 2... rss=451.7MB reduction=16.3%
  compress_only run 3... rss=449.6MB reduction=15.9%
  full_smash run 1... rss=176.6MB reduction=69.5%
  full_smash run 2... rss=184.7MB reduction=69.4%
  full_smash run 3... rss=186.4MB reduction=69.5%

============================================================
  Compress-only: rocksdb
============================================================
  baseline run 1... rss=280.1MB reduction=0.1%
  baseline run 2... rss=277.7MB reduction=0.1%
  baseline run 3... rss=280.2MB reduction=0.0%
  compress_only run 1... rss=303.8MB reduction=0.2%
  compress_only run 2... rss=303.2MB reduction=0.1%
  compress_only run 3... rss=301.9MB reduction=0.2%
  full_smash run 1... rss=88.1MB reduction=79.1%
  full_smash run 2... rss=88.7MB reduction=79.9%
  full_smash run 3... rss=87.5MB reduction=79.7%

============================================================
  Compress-only: duckdb
============================================================
  baseline run 1... rss=4124.7MB reduction=0.2%
  baseline run 2... rss=4058.2MB reduction=0.2%
  baseline run 3... rss=4085.5MB reduction=0.2%
  compress_only run 1... rss=4067.5MB reduction=0.2%
  compress_only run 2... rss=4111.9MB reduction=0.2%
  compress_only run 3... rss=4024.3MB reduction=0.2%
  full_smash run 1...    duckdb: fill timed out after 600s
 SKIP
  full_smash run 2...    duckdb: fill timed out after 600s
 SKIP
  full_smash run 3... rss=4026.1MB reduction=0.2%

============================================================
  Compress-only: memcached
============================================================
  baseline run 1... rss=295.4MB reduction=0.0%
  baseline run 2... rss=290.3MB reduction=0.0%
  baseline run 3... rss=295.4MB reduction=0.0%
  compress_only run 1... rss=318.8MB reduction=0.0%
  compress_only run 2... rss=318.8MB reduction=0.0%
  compress_only run 3... rss=319.9MB reduction=0.0%
  full_smash run 1... rss=109.1MB reduction=83.2%
  full_smash run 2... rss=77.6MB reduction=83.3%
  full_smash run 3... rss=111.5MB reduction=83.3%

============================================================
  Compress-only: redis
============================================================
  baseline run 1... rss=263.7MB reduction=0.0%
  baseline run 2... rss=263.8MB reduction=0.0%
  baseline run 3... rss=263.3MB reduction=0.0%
  compress_only run 1... rss=287.1MB reduction=0.0%
  compress_only run 2... rss=287.4MB reduction=0.0%
  compress_only run 3... rss=287.0MB reduction=0.0%
  full_smash run 1... rss=140.1MB reduction=53.2%
  full_smash run 2... rss=140.2MB reduction=53.2%
  full_smash run 3... rss=140.2MB reduction=53.2%

============================================================
  Compress-only: redis_ext
============================================================
  baseline run 1...    deleted 63187/126375 keys
 rss=263.6MB reduction=0.0%
  baseline run 2...    deleted 63130/126260 keys
 rss=263.4MB reduction=0.0%
  baseline run 3...    deleted 63101/126203 keys
 rss=263.3MB reduction=0.0%
  compress_only run 1...    deleted 63351/126702 keys
 rss=287.6MB reduction=0.0%
  compress_only run 2...    deleted 63259/126518 keys
 rss=287.2MB reduction=0.0%
  compress_only run 3...    deleted 63277/126554 keys
 rss=287.2MB reduction=0.0%
  full_smash run 1...    deleted 63133/126266 keys
 rss=121.9MB reduction=59.5%
  full_smash run 2...    deleted 63242/126485 keys
 rss=122.0MB reduction=59.6%
  full_smash run 3...    deleted 63138/126276 keys
 rss=122.1MB reduction=59.5%

============================================================
  Compress-only: redis_patched
============================================================
  baseline run 1... rss=261.6MB reduction=0.0%
  baseline run 2... rss=261.6MB reduction=0.0%
  baseline run 3... rss=261.3MB reduction=0.0%
  compress_only run 1... rss=284.8MB reduction=0.0%
  compress_only run 2... rss=284.6MB reduction=0.0%
  compress_only run 3... rss=285.1MB reduction=0.0%
  full_smash run 1... rss=139.9MB reduction=52.9%
  full_smash run 2... rss=139.8MB reduction=52.9%
  full_smash run 3... rss=139.7MB reduction=52.9%

============================================================
  Compress-only: redis_ext_patched
============================================================
  baseline run 1... rss=261.6MB reduction=0.0%
  baseline run 2... rss=262.1MB reduction=0.0%
  baseline run 3... rss=261.8MB reduction=0.0%
  compress_only run 1... rss=284.7MB reduction=0.0%
  compress_only run 2... rss=284.5MB reduction=0.0%
  compress_only run 3... rss=284.8MB reduction=0.0%
  full_smash run 1... rss=79.6MB reduction=73.2%
  full_smash run 2... rss=79.3MB reduction=73.2%
  full_smash run 3... rss=79.3MB reduction=73.2%

Compress-only complete in 5214s. Results: /home/ubuntu/smash/paper_results/linux_post_arena_roi/compress_only_results.json

======================================================================
  DUCKDB COMPRESSION EXPERIMENT
======================================================================
  baseline run 1... rss=4076.3MB reduction=0.2%
  baseline run 2... rss=4042.1MB reduction=0.2%
  baseline run 3... rss=3949.1MB reduction=0.2%
  duckdb-uncomp run 1... rss=3996.7MB reduction=0.2%
  duckdb-uncomp run 2... rss=4062.1MB reduction=0.2%
  duckdb-uncomp run 3... rss=4032.4MB reduction=0.2%
  smash run 1... rss=3888.8MB reduction=0.3%
  smash run 2... rss=4059.6MB reduction=0.2%
  smash run 3...    duckdb: fill timed out after 600s
 SKIP
  smash-uncomp run 1... rss=4100.7MB reduction=0.3%
  smash-uncomp run 2... rss=4065.1MB reduction=0.2%
  smash-uncomp run 3... rss=4071.6MB reduction=0.3%

  Config                 Cool RSS  Serve RSS  Reduction
  ----------------------------------------------------
  baseline                  4039MB      4042MB       0.2%
  duckdb-uncomp             4029MB      4032MB       0.2%
  smash                     3974MB      3974MB       0.2%
  smash-uncomp              4072MB      4072MB       0.3%

DuckDB compression experiment complete in 1679s. Results: /home/ubuntu/smash/paper_results/linux_post_arena_roi/duckdb_compression_results.json

Paper tables: /home/ubuntu/smash/paper_results/linux_post_arena_roi/paper_tables.txt
Done!
